Archive member included to satisfy reference by file (symbol)

c:/nxp/mcuxpressoide_11.6.0_8187/ide/plugins/com.nxp.mcuxpresso.tools.win32_11.6.0.202112161359/tools/bin/../lib/gcc/arm-none-eabi/10.3.1/../../../../arm-none-eabi/lib/thumb/v6-m/nofp\libcr_semihost_nf.a(_cr__main.o)
                              ./startup/startup_mkl25z4.o (__main)
c:/nxp/mcuxpressoide_11.6.0_8187/ide/plugins/com.nxp.mcuxpresso.tools.win32_11.6.0.202112161359/tools/bin/../lib/gcc/arm-none-eabi/10.3.1/../../../../arm-none-eabi/lib/thumb/v6-m/nofp\libcr_semihost_nf.a(_cr_assert.o)
                              ./drivers/fsl_clock.o (__assertion_failed)
c:/nxp/mcuxpressoide_11.6.0_8187/ide/plugins/com.nxp.mcuxpresso.tools.win32_11.6.0.202112161359/tools/bin/../lib/gcc/arm-none-eabi/10.3.1/../../../../arm-none-eabi/lib/thumb/v6-m/nofp\libcr_semihost_nf.a(__ciob.o)
                              c:/nxp/mcuxpressoide_11.6.0_8187/ide/plugins/com.nxp.mcuxpresso.tools.win32_11.6.0.202112161359/tools/bin/../lib/gcc/arm-none-eabi/10.3.1/../../../../arm-none-eabi/lib/thumb/v6-m/nofp\libcr_semihost_nf.a(_cr_assert.o) (__Ciob)
c:/nxp/mcuxpressoide_11.6.0_8187/ide/plugins/com.nxp.mcuxpresso.tools.win32_11.6.0.202112161359/tools/bin/../lib/gcc/arm-none-eabi/10.3.1/../../../../arm-none-eabi/lib/thumb/v6-m/nofp\libcr_semihost_nf.a(__sys_appexit.o)
                              c:/nxp/mcuxpressoide_11.6.0_8187/ide/plugins/com.nxp.mcuxpresso.tools.win32_11.6.0.202112161359/tools/bin/../lib/gcc/arm-none-eabi/10.3.1/../../../../arm-none-eabi/lib/thumb/v6-m/nofp\libcr_semihost_nf.a(_cr_assert.o) (__sys_appexit)
c:/nxp/mcuxpressoide_11.6.0_8187/ide/plugins/com.nxp.mcuxpresso.tools.win32_11.6.0.202112161359/tools/bin/../lib/gcc/arm-none-eabi/10.3.1/../../../../arm-none-eabi/lib/thumb/v6-m/nofp\libcr_c.a(memcpy.o)
                              ./drivers/fsl_flash.o (memcpy)
c:/nxp/mcuxpressoide_11.6.0_8187/ide/plugins/com.nxp.mcuxpresso.tools.win32_11.6.0.202112161359/tools/bin/../lib/gcc/arm-none-eabi/10.3.1/../../../../arm-none-eabi/lib/thumb/v6-m/nofp\libcr_c.a(memset.o)
                              ./drivers/fsl_flash.o (memset)
c:/nxp/mcuxpressoide_11.6.0_8187/ide/plugins/com.nxp.mcuxpresso.tools.win32_11.6.0.202112161359/tools/bin/../lib/gcc/arm-none-eabi/10.3.1/../../../../arm-none-eabi/lib/thumb/v6-m/nofp\libcr_c.a(_deferredlazyseek.o)
                              c:/nxp/mcuxpressoide_11.6.0_8187/ide/plugins/com.nxp.mcuxpresso.tools.win32_11.6.0.202112161359/tools/bin/../lib/gcc/arm-none-eabi/10.3.1/../../../../arm-none-eabi/lib/thumb/v6-m/nofp\libcr_semihost_nf.a(_cr_assert.o) (__flsbuf)
c:/nxp/mcuxpressoide_11.6.0_8187/ide/plugins/com.nxp.mcuxpresso.tools.win32_11.6.0.202112161359/tools/bin/../lib/gcc/arm-none-eabi/10.3.1/../../../../arm-none-eabi/lib/thumb/v6-m/nofp\libcr_c.a(_fflush.o)
                              c:/nxp/mcuxpressoide_11.6.0_8187/ide/plugins/com.nxp.mcuxpresso.tools.win32_11.6.0.202112161359/tools/bin/../lib/gcc/arm-none-eabi/10.3.1/../../../../arm-none-eabi/lib/thumb/v6-m/nofp\libcr_c.a(_deferredlazyseek.o) (_fflush)
c:/nxp/mcuxpressoide_11.6.0_8187/ide/plugins/com.nxp.mcuxpresso.tools.win32_11.6.0.202112161359/tools/bin/../lib/gcc/arm-none-eabi/10.3.1/../../../../arm-none-eabi/lib/thumb/v6-m/nofp\libcr_c.a(_writebuf.o)
                              c:/nxp/mcuxpressoide_11.6.0_8187/ide/plugins/com.nxp.mcuxpresso.tools.win32_11.6.0.202112161359/tools/bin/../lib/gcc/arm-none-eabi/10.3.1/../../../../arm-none-eabi/lib/thumb/v6-m/nofp\libcr_c.a(_deferredlazyseek.o) (_Cwritebuf)
c:/nxp/mcuxpressoide_11.6.0_8187/ide/plugins/com.nxp.mcuxpresso.tools.win32_11.6.0.202112161359/tools/bin/../lib/gcc/arm-none-eabi/10.3.1/../../../../arm-none-eabi/lib/thumb/v6-m/nofp\libcr_c.a(alloc.o)
                              c:/nxp/mcuxpressoide_11.6.0_8187/ide/plugins/com.nxp.mcuxpresso.tools.win32_11.6.0.202112161359/tools/bin/../lib/gcc/arm-none-eabi/10.3.1/../../../../arm-none-eabi/lib/thumb/v6-m/nofp\libcr_c.a(_deferredlazyseek.o) (_Csys_alloc)
c:/nxp/mcuxpressoide_11.6.0_8187/ide/plugins/com.nxp.mcuxpresso.tools.win32_11.6.0.202112161359/tools/bin/../lib/gcc/arm-none-eabi/10.3.1/../../../../arm-none-eabi/lib/thumb/v6-m/nofp\libcr_c.a(fputs.o)
                              c:/nxp/mcuxpressoide_11.6.0_8187/ide/plugins/com.nxp.mcuxpresso.tools.win32_11.6.0.202112161359/tools/bin/../lib/gcc/arm-none-eabi/10.3.1/../../../../arm-none-eabi/lib/thumb/v6-m/nofp\libcr_semihost_nf.a(_cr_assert.o) (fputs)
c:/nxp/mcuxpressoide_11.6.0_8187/ide/plugins/com.nxp.mcuxpresso.tools.win32_11.6.0.202112161359/tools/bin/../lib/gcc/arm-none-eabi/10.3.1/../../../../arm-none-eabi/lib/thumb/v6-m/nofp\libcr_c.a(fseek.o)
                              c:/nxp/mcuxpressoide_11.6.0_8187/ide/plugins/com.nxp.mcuxpresso.tools.win32_11.6.0.202112161359/tools/bin/../lib/gcc/arm-none-eabi/10.3.1/../../../../arm-none-eabi/lib/thumb/v6-m/nofp\libcr_c.a(_deferredlazyseek.o) (fseek)
[...]
Memory Configuration

Name             Origin             Length             Attributes
PROGRAM_FLASH    0x00000000         0x00020000         xr
SRAM             0x1ffff000         0x00004000         xrw
*default*        0x00000000         0xffffffff

Linker script and memory map

LOAD ./utilities/fsl_debug_console.o
LOAD ./startup/startup_mkl25z4.o
LOAD ./source/mtb.o
LOAD ./source/pwm.o
LOAD ./source/semihost_hardfault.o
LOAD ./source/state_machine.o
LOAD ./source/system.o
LOAD ./source/test.o
LOAD ./source/touch.o
LOAD ./drivers/fsl_clock.o
LOAD ./drivers/fsl_common.o
LOAD ./drivers/fsl_flash.o
LOAD ./drivers/fsl_gpio.o
LOAD ./drivers/fsl_lpsci.o
LOAD ./drivers/fsl_smc.o
LOAD ./drivers/fsl_uart.o
LOAD ./board/board.o
LOAD ./board/clock_config.o
LOAD ./board/peripherals.o
LOAD ./board/pin_mux.o
LOAD ./CMSIS/system_MKL25Z4.o
START GROUP
LOAD c:/nxp/mcuxpressoide_11.6.0_8187/ide/plugins/com.nxp.mcuxpresso.tools.win32_11.6.0.202112161359/tools/bin/../lib/gcc/arm-none-eabi/10.3.1/../../../../arm-none-eabi/lib/thumb/v6-m/nofp\libcr_semihost_nf.a
LOAD c:/nxp/mcuxpressoide_11.6.0_8187/ide/plugins/com.nxp.mcuxpresso.tools.win32_11.6.0.202112161359/tools/bin/../lib/gcc/arm-none-eabi/10.3.1/../../../../arm-none-eabi/lib/thumb/v6-m/nofp\libcr_c.a
LOAD c:/nxp/mcuxpressoide_11.6.0_8187/ide/plugins/com.nxp.mcuxpresso.tools.win32_11.6.0.202112161359/tools/bin/../lib/gcc/arm-none-eabi/10.3.1/thumb/v6-m/nofp\libcr_eabihelpers.a
LOAD c:/nxp/mcuxpressoide_11.6.0_8187/ide/plugins/com.nxp.mcuxpresso.tools.win32_11.6.0.202112161359/tools/bin/../lib/gcc/arm-none-eabi/10.3.1/thumb/v6-m/nofp\libgcc.a
END GROUP
                0x00000000                __base_PROGRAM_FLASH = 0x0
                0x00000000                __base_Flash = 0x0
                0x00020000                __top_PROGRAM_FLASH = 0x20000
                0x00020000                __top_Flash = 0x20000
                0x1ffff000                __base_SRAM = 0x1ffff000
                0x1ffff000                __base_RAM = 0x1ffff000
                0x20003000                __top_SRAM = 0x20003000
                0x20003000                __top_RAM = 0x20003000

.text           0x00000000     0x40b4
 FILL mask 0xff
                0x00000000                __vectors_start__ = ABSOLUTE (.)
 *(SORT_BY_ALIGNMENT(.isr_vector))
 .isr_vector    0x00000000       0xc0 ./startup/startup_mkl25z4.o
                0x00000000                g_pfnVectors
                0x00000000                __Vectors
                0x000000c0                . = ALIGN (0x4)
                0x000000c0                __section_table_start = .
                0x000000c0                __data_section_table = .
                0x000000c0        0x4 LONG 0x40b4 LOADADDR (.data)
                0x000000c4        0x4 LONG 0x1ffff080 ADDR (.data)
                0x000000c8        0x4 LONG 0x4c SIZEOF (.data)
                0x000000cc                __data_section_table_end = .
                0x000000cc                __bss_section_table = .
                0x000000cc        0x4 LONG 0x1ffff0cc ADDR (.bss)
                0x000000d0        0x4 LONG 0x120 SIZEOF (.bss)
                0x000000d4                __bss_section_table_end = .
                0x000000d4                __section_table_end = .
 *(SORT_BY_ALIGNMENT(.after_vectors*))
 .after_vectors.reset
                0x000000d4       0x4c ./startup/startup_mkl25z4.o
                0x000000d4                ResetISR
 .after_vectors.init_data
                0x00000120       0x12 ./startup/startup_mkl25z4.o
                0x00000120                data_init
 .after_vectors.init_bss
                0x00000132       0x10 ./startup/startup_mkl25z4.o
                0x00000132                bss_init
 .after_vectors
                0x00000142      0x10c ./startup/startup_mkl25z4.o
                0x00000142                NMI_Handler
                0x00000146                SVC_Handler
                0x00000148                PendSV_Handler
                0x0000014c                SPI1_DriverIRQHandler
                0x0000014c                LPTMR0_DriverIRQHandler
                0x0000014c                DMA0_DriverIRQHandler
                0x0000014c                I2C0_DriverIRQHandler
                0x0000014c                Reserved39_DriverIRQHandler
                0x0000014c                PORTD_DriverIRQHandler
                0x0000014c                DMA2_DriverIRQHandler
                0x0000014c                CMP0_DriverIRQHandler
                0x0000014c                TPM2_DriverIRQHandler
                0x0000014c                ADC0_DriverIRQHandler
                0x0000014c                SPI0_DriverIRQHandler
                0x0000014c                TSI0_DriverIRQHandler
                0x0000014c                RTC_Seconds_DriverIRQHandler
                0x0000014c                I2C1_DriverIRQHandler
                0x0000014c                DMA1_DriverIRQHandler
                0x0000014c                LLWU_DriverIRQHandler
                0x0000014c                MCG_DriverIRQHandler
                0x0000014c                PIT_DriverIRQHandler
                0x0000014c                RTC_DriverIRQHandler
                0x0000014c                TPM1_DriverIRQHandler
                0x0000014c                FTFA_DriverIRQHandler
                0x0000014c                IntDefaultHandler
                0x0000014c                USB0_DriverIRQHandler
                0x0000014c                DAC0_DriverIRQHandler
                0x0000014c                PORTA_DriverIRQHandler
                0x0000014c                LVD_LVW_DriverIRQHandler
                0x0000014c                TPM0_DriverIRQHandler
                0x0000014c                Reserved45_DriverIRQHandler
                0x0000014c                DMA3_DriverIRQHandler
                0x0000014c                Reserved20_DriverIRQHandler
                0x0000014e                DMA0_IRQHandler
                0x00000156                DMA1_IRQHandler
                0x0000015e                DMA2_IRQHandler
                0x00000166                DMA3_IRQHandler
                0x0000016e                Reserved20_IRQHandler
                0x00000176                FTFA_IRQHandler
                0x0000017e                LVD_LVW_IRQHandler
                0x00000186                LLWU_IRQHandler
                0x0000018e                I2C0_IRQHandler
                0x00000196                I2C1_IRQHandler
                0x0000019e                SPI0_IRQHandler
                0x000001a6                SPI1_IRQHandler
                0x000001ae                UART0_IRQHandler
                0x000001b6                UART1_IRQHandler
                0x000001be                UART2_IRQHandler
                0x000001c6                ADC0_IRQHandler
                0x000001ce                CMP0_IRQHandler
                0x000001d6                TPM0_IRQHandler
                0x000001de                TPM1_IRQHandler
                0x000001e6                TPM2_IRQHandler
                0x000001ee                RTC_IRQHandler
                0x000001f6                RTC_Seconds_IRQHandler
                0x000001fe                PIT_IRQHandler
                0x00000206                Reserved39_IRQHandler
                0x0000020e                USB0_IRQHandler
                0x00000216                DAC0_IRQHandler
                0x0000021e                TSI0_IRQHandler
                0x00000226                MCG_IRQHandler
                0x0000022e                LPTMR0_IRQHandler
                0x00000236                Reserved45_IRQHandler
                0x0000023e                PORTA_IRQHandler
                0x00000246                PORTD_IRQHandler
                0x00000400                . = 0x400
 *fill*         0x0000024e      0x1b2 ff
                0x00000400                PROVIDE (__FLASH_CONFIG_START__ = .)
 *(SORT_BY_ALIGNMENT(.FlashConfig))
 .FlashConfig   0x00000400       0x10 ./startup/startup_mkl25z4.o
                0x00000400                Flash_Config
                0x00000410                PROVIDE (__FLASH_CONFIG_END__ = .)
                0x00000001                ASSERT (! ((__FLASH_CONFIG_START__ == __FLASH_CONFIG_END__)), Linker Flash Config Support Enabled, but no .FlashConfig section provided within application)
 *(SORT_BY_ALIGNMENT(.text*))
 .text.DbgConsole_Init
                0x00000410       0xf4 ./utilities/fsl_debug_console.o
                0x00000410                DbgConsole_Init
 .text.Init_TPM
                0x00000504      0x144 ./source/pwm.o
                0x00000504                Init_TPM
 .text.HardFault_Handler
                0x00000648       0x30 ./source/semihost_hardfault.o
                0x00000648                HardFault_Handler
 .text.state_check
                0x00000678      0x148 ./source/state_machine.o
                0x00000678                state_check
 .text.get_curr_val
                0x000007c0       0xa8 ./source/state_machine.o
                0x000007c0                get_curr_val
 .text.update_last_val
                0x00000868       0x2c ./source/state_machine.o
                0x00000868                update_last_val
 .text.transitions
                0x00000894       0xb0 ./source/state_machine.o
                0x00000894                transitions
 .text.Signal_Red_on
                0x00000944       0x24 ./source/state_machine.o
                0x00000944                Signal_Red_on
 .text.Signal_Green_on
                0x00000968       0x24 ./source/state_machine.o
                0x00000968                Signal_Green_on
 .text.Signal_Yellow_on
                0x0000098c       0x24 ./source/state_machine.o
                0x0000098c                Signal_Yellow_on
 .text.Signal_Blue_on
                0x000009b0       0xe8 ./source/state_machine.o
                0x000009b0                Signal_Blue_on
 .text.NVIC_SetPriority
                0x00000a98       0xdc ./source/system.o
 .text.initialize_SysTick
                0x00000b74       0x30 ./source/system.o
                0x00000b74                initialize_SysTick
 .text.now      0x00000ba4       0x34 ./source/system.o
                0x00000ba4                now
 .text.reset_timer
                0x00000bd8       0x20 ./source/system.o
                0x00000bd8                reset_timer
 .text.get_timer
                0x00000bf8       0x14 ./source/system.o
                0x00000bf8                get_timer
 .text.SysTick_Handler
                0x00000c0c       0x28 ./source/system.o
                0x00000c0c                SysTick_Handler
 .text.main     0x00000c34       0x50 ./source/test.o
                0x00000c34                main
 .text.Touch_Init
                0x00000c84       0x54 ./source/touch.o
                0x00000c84                Touch_Init
 .text.Touch_Poll
                0x00000cd8       0x4c ./source/touch.o
                0x00000cd8                Touch_Poll
 .text.CLOCK_SetEr32kClock
                0x00000d24       0x34 ./drivers/fsl_clock.o
 .text.CLOCK_SetPllFllSelClock
                0x00000d58       0x38 ./drivers/fsl_clock.o
 .text.CLOCK_GetMcgExtClkFreq
                0x00000d90       0x28 ./drivers/fsl_clock.o
 .text.CLOCK_GetFllExtRefClkFreq
                0x00000db8       0xa8 ./drivers/fsl_clock.o
 .text.CLOCK_GetFllRefClkFreq
                0x00000e60       0x2c ./drivers/fsl_clock.o
 .text.CLOCK_GetOscRangeFromFreq
                0x00000e8c       0x4c ./drivers/fsl_clock.o
 .text.CLOCK_GetPllFllSelClkFreq
                0x00000ed8       0x4c ./drivers/fsl_clock.o
                0x00000ed8                CLOCK_GetPllFllSelClkFreq
 .text.CLOCK_SetSimConfig
                0x00000f24       0x38 ./drivers/fsl_clock.o
                0x00000f24                CLOCK_SetSimConfig
 .text.CLOCK_GetFllFreq
                0x00000f5c       0x84 ./drivers/fsl_clock.o
                0x00000f5c                CLOCK_GetFllFreq
 .text.CLOCK_GetPll0Freq
                0x00000fe0       0x70 ./drivers/fsl_clock.o
                0x00000fe0                CLOCK_GetPll0Freq
 .text.CLOCK_SetInternalRefClkConfig
                0x00001050      0x124 ./drivers/fsl_clock.o
                0x00001050                CLOCK_SetInternalRefClkConfig
 .text.CLOCK_EnablePll0
                0x00001174       0x94 ./drivers/fsl_clock.o
                0x00001174                CLOCK_EnablePll0
 .text.CLOCK_InitOsc0
                0x00001208       0x94 ./drivers/fsl_clock.o
                0x00001208                CLOCK_InitOsc0
 .text.CLOCK_SetPbeMode
                0x0000129c       0xb0 ./drivers/fsl_clock.o
                0x0000129c                CLOCK_SetPbeMode
 .text.CLOCK_BootToPeeMode
                0x0000134c       0x70 ./drivers/fsl_clock.o
                0x0000134c                CLOCK_BootToPeeMode
 .text.CLOCK_EnableClock
                0x000013bc       0x34 ./drivers/fsl_lpsci.o
 .text.LPSCI_GetInstance
                0x000013f0       0x48 ./drivers/fsl_lpsci.o
                0x000013f0                LPSCI_GetInstance
 .text.LPSCI_Init
                0x00001438      0x258 ./drivers/fsl_lpsci.o
                0x00001438                LPSCI_Init
 .text.LPSCI_GetDefaultConfig
                0x00001690       0x44 ./drivers/fsl_lpsci.o
                0x00001690                LPSCI_GetDefaultConfig
 .text.LPSCI_ClearStatusFlags
                0x000016d4       0x94 ./drivers/fsl_lpsci.o
                0x000016d4                LPSCI_ClearStatusFlags
 .text.LPSCI_WriteBlocking
                0x00001768       0x4c ./drivers/fsl_lpsci.o
                0x00001768                LPSCI_WriteBlocking
 .text.LPSCI_ReadBlocking
                0x000017b4       0xc0 ./drivers/fsl_lpsci.o
                0x000017b4                LPSCI_ReadBlocking
 .text.UART0_DriverIRQHandler
                0x00001874       0x24 ./drivers/fsl_lpsci.o
                0x00001874                UART0_DriverIRQHandler
 .text.CLOCK_EnableClock
                0x00001898       0x34 ./drivers/fsl_uart.o
 .text.UART_GetInstance
                0x000018cc       0x54 ./drivers/fsl_uart.o
                0x000018cc                UART_GetInstance
 .text.UART_Init
                0x00001920      0x1e0 ./drivers/fsl_uart.o
                0x00001920                UART_Init
 .text.UART_GetDefaultConfig
                0x00001b00       0x44 ./drivers/fsl_uart.o
                0x00001b00                UART_GetDefaultConfig
 .text.UART_ReadBlocking
                0x00001b44       0x98 ./drivers/fsl_uart.o
                0x00001b44                UART_ReadBlocking
 .text.UART1_DriverIRQHandler
                0x00001bdc       0x24 ./drivers/fsl_uart.o
                0x00001bdc                UART1_DriverIRQHandler
 .text.UART2_DriverIRQHandler
                0x00001c00       0x24 ./drivers/fsl_uart.o
                0x00001c00                UART2_DriverIRQHandler
 .text.CLOCK_SetLpsci0Clock
                0x00001c24       0x38 ./board/board.o
 .text.BOARD_InitDebugConsole
                0x00001c5c       0x30 ./board/board.o
                0x00001c5c                BOARD_InitDebugConsole
 .text.CLOCK_SetSimSafeDivs
                0x00001c8c       0x20 ./board/clock_config.o
 .text.CLOCK_SetXtal0Freq
                0x00001cac       0x1c ./board/clock_config.o
 .text.CLOCK_CONFIG_SetFllExtRefDiv
                0x00001cc8       0x3c ./board/clock_config.o
 .text.BOARD_BootClockRUN
                0x00001d04       0x64 ./board/clock_config.o
                0x00001d04                BOARD_BootClockRUN
 .text.CLOCK_EnableClock
                0x00001d68       0x34 ./board/pin_mux.o
 .text.PORT_SetPinMux
                0x00001d9c       0x40 ./board/pin_mux.o
 .text.BOARD_InitPins
                0x00001ddc       0x4c ./board/pin_mux.o
                0x00001ddc                BOARD_InitPins
 .text.SystemInit
                0x00001e28       0x18 ./CMSIS/system_MKL25Z4.o
                0x00001e28                SystemInit
 .text.__assertion_failed
                0x00001e40       0x4c c:/nxp/mcuxpressoide_11.6.0_8187/ide/plugins/com.nxp.mcuxpresso.tools.win32_11.6.0.202112161359/tools/bin/../lib/gcc/arm-none-eabi/10.3.1/../../../../arm-none-eabi/lib/thumb/v6-m/nofp\libcr_semihost_nf.a(_cr_assert.o)
                0x00001e40                __assertion_failed
 .text.__sys_appexit
                0x00001e8c        0xc c:/nxp/mcuxpressoide_11.6.0_8187/ide/plugins/com.nxp.mcuxpresso.tools.win32_11.6.0.202112161359/tools/bin/../lib/gcc/arm-none-eabi/10.3.1/../../../../arm-none-eabi/lib/thumb/v6-m/nofp\libcr_semihost_nf.a(__sys_appexit.o)
                0x00001e8c                __sys_appexit
                0x00001e8c                __exit
 .text._deferredlazyseek
                0x00001e98       0x40 c:/nxp/mcuxpressoide_11.6.0_8187/ide/plugins/com.nxp.mcuxpresso.tools.win32_11.6.0.202112161359/tools/bin/../lib/gcc/arm-none-eabi/10.3.1/../../../../arm-none-eabi/lib/thumb/v6-m/nofp\libcr_c.a(_deferredlazyseek.o)
                0x00001e98                _deferredlazyseek
 .text.__flsbuf
                0x00001ed8      0x150 c:/nxp/mcuxpressoide_11.6.0_8187/ide/plugins/com.nxp.mcuxpresso.tools.win32_11.6.0.202112161359/tools/bin/../lib/gcc/arm-none-eabi/10.3.1/../../../../arm-none-eabi/lib/thumb/v6-m/nofp\libcr_c.a(_deferredlazyseek.o)
                0x00001ed8                __flsbuf
 .text._fflush  0x00002028       0x60 c:/nxp/mcuxpressoide_11.6.0_8187/ide/plugins/com.nxp.mcuxpresso.tools.win32_11.6.0.202112161359/tools/bin/../lib/gcc/arm-none-eabi/10.3.1/../../../../arm-none-eabi/lib/thumb/v6-m/nofp\libcr_c.a(_fflush.o)
                0x00002028                _fflush
 .text._Cwritebuf
                0x00002088       0x68 c:/nxp/mcuxpressoide_11.6.0_8187/ide/plugins/com.nxp.mcuxpresso.tools.win32_11.6.0.202112161359/tools/bin/../lib/gcc/arm-none-eabi/10.3.1/../../../../arm-none-eabi/lib/thumb/v6-m/nofp\libcr_c.a(_writebuf.o)
                0x00002088                _Cwritebuf
 .text.malloc   0x000020f0       0xcc c:/nxp/mcuxpressoide_11.6.0_8187/ide/plugins/com.nxp.mcuxpresso.tools.win32_11.6.0.202112161359/tools/bin/../lib/gcc/arm-none-eabi/10.3.1/../../../../arm-none-eabi/lib/thumb/v6-m/nofp\libcr_c.a(alloc.o)
                0x000020f0                malloc
 .text._Csys_alloc
                0x000021bc       0x20 c:/nxp/mcuxpressoide_11.6.0_8187/ide/plugins/com.nxp.mcuxpresso.tools.win32_11.6.0.202112161359/tools/bin/../lib/gcc/arm-none-eabi/10.3.1/../../../../arm-none-eabi/lib/thumb/v6-m/nofp\libcr_c.a(alloc.o)
                0x000021bc                _Csys_alloc
 .text.fseek    0x000021dc       0xf0 c:/nxp/mcuxpressoide_11.6.0_8187/ide/plugins/com.nxp.mcuxpresso.tools.win32_11.6.0.202112161359/tools/bin/../lib/gcc/arm-none-eabi/10.3.1/../../../../arm-none-eabi/lib/thumb/v6-m/nofp\libcr_c.a(fseek.o)
                0x000021dc                fseek
 .text.ftell    0x000022cc       0x48 c:/nxp/mcuxpressoide_11.6.0_8187/ide/plugins/com.nxp.mcuxpresso.tools.win32_11.6.0.202112161359/tools/bin/../lib/gcc/arm-none-eabi/10.3.1/../../../../arm-none-eabi/lib/thumb/v6-m/nofp\libcr_c.a(ftell.o)
                0x000022cc                ftell
 .text._initio  0x00002314       0x7c c:/nxp/mcuxpressoide_11.6.0_8187/ide/plugins/com.nxp.mcuxpresso.tools.win32_11.6.0.202112161359/tools/bin/../lib/gcc/arm-none-eabi/10.3.1/../../../../arm-none-eabi/lib/thumb/v6-m/nofp\libcr_c.a(initio.o)
                0x00002314                _initio
 .text.__vfprintf
                0x00002390      0xd40 c:/nxp/mcuxpressoide_11.6.0_8187/ide/plugins/com.nxp.mcuxpresso.tools.win32_11.6.0.202112161359/tools/bin/../lib/gcc/arm-none-eabi/10.3.1/../../../../arm-none-eabi/lib/thumb/v6-m/nofp\libcr_c.a(printf.o)
                0x00002390                __vfprintf
 .text._vsnprintf
                0x000030d0       0x70 c:/nxp/mcuxpressoide_11.6.0_8187/ide/plugins/com.nxp.mcuxpresso.tools.win32_11.6.0.202112161359/tools/bin/../lib/gcc/arm-none-eabi/10.3.1/../../../../arm-none-eabi/lib/thumb/v6-m/nofp\libcr_c.a(printf.o)
                0x000030d0                _vsnprintf
 .text._printf  0x00003140       0x50 c:/nxp/mcuxpressoide_11.6.0_8187/ide/plugins/com.nxp.mcuxpresso.tools.win32_11.6.0.202112161359/tools/bin/../lib/gcc/arm-none-eabi/10.3.1/../../../../arm-none-eabi/lib/thumb/v6-m/nofp\libcr_c.a(printf.o)
                0x00003140                _printf
 .text.setvbuf  0x00003190       0x4c c:/nxp/mcuxpressoide_11.6.0_8187/ide/plugins/com.nxp.mcuxpresso.tools.win32_11.6.0.202112161359/tools/bin/../lib/gcc/arm-none-eabi/10.3.1/../../../../arm-none-eabi/lib/thumb/v6-m/nofp\libcr_c.a(setvbuf.o)
                0x00003190                setvbuf
 .text.strlen   0x000031dc       0x58 c:/nxp/mcuxpressoide_11.6.0_8187/ide/plugins/com.nxp.mcuxpresso.tools.win32_11.6.0.202112161359/tools/bin/../lib/gcc/arm-none-eabi/10.3.1/../../../../arm-none-eabi/lib/thumb/v6-m/nofp\libcr_c.a(strlen.o)
                0x000031dc                strlen
 .text._sbrk    0x00003234       0x44 c:/nxp/mcuxpressoide_11.6.0_8187/ide/plugins/com.nxp.mcuxpresso.tools.win32_11.6.0.202112161359/tools/bin/../lib/gcc/arm-none-eabi/10.3.1/../../../../arm-none-eabi/lib/thumb/v6-m/nofp\libcr_c.a(_cr_sbrk.o)
                0x00003234                _sbrk
 .text._fdopen  0x00003278       0x74 c:/nxp/mcuxpressoide_11.6.0_8187/ide/plugins/com.nxp.mcuxpresso.tools.win32_11.6.0.202112161359/tools/bin/../lib/gcc/arm-none-eabi/10.3.1/../../../../arm-none-eabi/lib/thumb/v6-m/nofp\libcr_c.a(_fdopen.o)
                0x00003278                _fdopen
 .text.fclose   0x000032ec       0x5c c:/nxp/mcuxpressoide_11.6.0_8187/ide/plugins/com.nxp.mcuxpresso.tools.win32_11.6.0.202112161359/tools/bin/../lib/gcc/arm-none-eabi/10.3.1/../../../../arm-none-eabi/lib/thumb/v6-m/nofp\libcr_c.a(fclose.o)
                0x000032ec                fclose
 .text.fflush   0x00003348       0x44 c:/nxp/mcuxpressoide_11.6.0_8187/ide/plugins/com.nxp.mcuxpresso.tools.win32_11.6.0.202112161359/tools/bin/../lib/gcc/arm-none-eabi/10.3.1/../../../../arm-none-eabi/lib/thumb/v6-m/nofp\libcr_c.a(fflush.o)
                0x00003348                fflush
 .text.__check_heap_overflow
                0x0000338c       0x18 c:/nxp/mcuxpressoide_11.6.0_8187/ide/plugins/com.nxp.mcuxpresso.tools.win32_11.6.0.202112161359/tools/bin/../lib/gcc/arm-none-eabi/10.3.1/../../../../arm-none-eabi/lib/thumb/v6-m/nofp\libcr_c.a(_cr_check_heap.o)
                0x0000338c                __check_heap_overflow
 .text._do_fflush
                0x000033a4       0x48 c:/nxp/mcuxpressoide_11.6.0_8187/ide/plugins/com.nxp.mcuxpresso.tools.win32_11.6.0.202112161359/tools/bin/../lib/gcc/arm-none-eabi/10.3.1/../../../../arm-none-eabi/lib/thumb/v6-m/nofp\libcr_c.a(_do_fflush.o)
                0x000033a4                _do_fflush
 .text.__aeabi_dmul
                0x000033ec      0x184 c:/nxp/mcuxpressoide_11.6.0_8187/ide/plugins/com.nxp.mcuxpresso.tools.win32_11.6.0.202112161359/tools/bin/../lib/gcc/arm-none-eabi/10.3.1/thumb/v6-m/nofp\libcr_eabihelpers.a(double.o)
                0x000033ec                __aeabi_dmul
 .text.__aeabi_dsub
                0x00003570      0x1c0 c:/nxp/mcuxpressoide_11.6.0_8187/ide/plugins/com.nxp.mcuxpresso.tools.win32_11.6.0.202112161359/tools/bin/../lib/gcc/arm-none-eabi/10.3.1/thumb/v6-m/nofp\libcr_eabihelpers.a(double.o)
                0x00003570                __aeabi_dsub
 .text.__aeabi_dadd
                0x00003730      0x134 c:/nxp/mcuxpressoide_11.6.0_8187/ide/plugins/com.nxp.mcuxpresso.tools.win32_11.6.0.202112161359/tools/bin/../lib/gcc/arm-none-eabi/10.3.1/thumb/v6-m/nofp\libcr_eabihelpers.a(double.o)
                0x00003730                __aeabi_dadd
 .text.__aeabi_d2iz
                0x00003864       0x50 c:/nxp/mcuxpressoide_11.6.0_8187/ide/plugins/com.nxp.mcuxpresso.tools.win32_11.6.0.202112161359/tools/bin/../lib/gcc/arm-none-eabi/10.3.1/thumb/v6-m/nofp\libcr_eabihelpers.a(double.o)
                0x00003864                __aeabi_d2iz
 .text.__aeabi_d2uiz
                0x000038b4       0x38 c:/nxp/mcuxpressoide_11.6.0_8187/ide/plugins/com.nxp.mcuxpresso.tools.win32_11.6.0.202112161359/tools/bin/../lib/gcc/arm-none-eabi/10.3.1/thumb/v6-m/nofp\libcr_eabihelpers.a(double.o)
                0x000038b4                __aeabi_d2uiz
 .text.UART_EnableTx
                0x000038ec       0x40 ./utilities/fsl_debug_console.o
 .text.UART_EnableRx
                0x0000392c       0x40 ./utilities/fsl_debug_console.o
 .text.LPSCI_EnableTx
                0x0000396c       0x40 ./utilities/fsl_debug_console.o
 .text.LPSCI_EnableRx
                0x000039ac       0x40 ./utilities/fsl_debug_console.o
 .text.OSC_SetExtRefClkConfig
                0x000039ec       0x3e ./drivers/fsl_clock.o
 .text.OSC_SetCapLoad
                0x00003a2a       0x42 ./drivers/fsl_clock.o
 .text.CLOCK_GetPll0RefFreq
                0x00003a6c       0x10 ./drivers/fsl_clock.o
 .text.CLOCK_SetExternalRefClkConfig
                0x00003a7c       0x16 ./drivers/fsl_clock.o
                0x00003a7c                CLOCK_SetExternalRefClkConfig
 .text.LPSCI_GetStatusFlags
                0x00003a92       0x26 ./drivers/fsl_lpsci.o
                0x00003a92                LPSCI_GetStatusFlags
 .text.UART_GetStatusFlags
                0x00003ab8       0x26 ./drivers/fsl_uart.o
                0x00003ab8                UART_GetStatusFlags
 .text.UART_WriteBlocking
                0x00003ade       0x3c ./drivers/fsl_uart.o
                0x00003ade                UART_WriteBlocking
 .text.BOARD_InitBootClocks
                0x00003b1a        0xe ./board/clock_config.o
                0x00003b1a                BOARD_InitBootClocks
 .text.BOARD_InitBootPeripherals
                0x00003b28        0xa ./board/peripherals.o
                0x00003b28                BOARD_InitBootPeripherals
 .text.BOARD_InitBootPins
                0x00003b32        0xe ./board/pin_mux.o
                0x00003b32                BOARD_InitBootPins
 .text.__main   0x00003b40        0xc c:/nxp/mcuxpressoide_11.6.0_8187/ide/plugins/com.nxp.mcuxpresso.tools.win32_11.6.0.202112161359/tools/bin/../lib/gcc/arm-none-eabi/10.3.1/../../../../arm-none-eabi/lib/thumb/v6-m/nofp\libcr_semihost_nf.a(_cr__main.o)
                0x00003b40                __CR_SEMIHOST
                0x00003b40                __main
 .text.memset   0x00003b4c        0x8 c:/nxp/mcuxpressoide_11.6.0_8187/ide/plugins/com.nxp.mcuxpresso.tools.win32_11.6.0.202112161359/tools/bin/../lib/gcc/arm-none-eabi/10.3.1/../../../../arm-none-eabi/lib/thumb/v6-m/nofp\libcr_c.a(memset.o)
                0x00003b4c                memset
 .text.free     0x00003b54       0x2c c:/nxp/mcuxpressoide_11.6.0_8187/ide/plugins/com.nxp.mcuxpresso.tools.win32_11.6.0.202112161359/tools/bin/../lib/gcc/arm-none-eabi/10.3.1/../../../../arm-none-eabi/lib/thumb/v6-m/nofp\libcr_c.a(alloc.o)
                0x00003b54                free
 .text.fputs    0x00003b80       0x2e c:/nxp/mcuxpressoide_11.6.0_8187/ide/plugins/com.nxp.mcuxpresso.tools.win32_11.6.0.202112161359/tools/bin/../lib/gcc/arm-none-eabi/10.3.1/../../../../arm-none-eabi/lib/thumb/v6-m/nofp\libcr_c.a(fputs.o)
                0x00003b80                fputs
 .text.no_fp_display
                0x00003bae        0x4 c:/nxp/mcuxpressoide_11.6.0_8187/ide/plugins/com.nxp.mcuxpresso.tools.win32_11.6.0.202112161359/tools/bin/../lib/gcc/arm-none-eabi/10.3.1/../../../../arm-none-eabi/lib/thumb/v6-m/nofp\libcr_c.a(printf.o)
 .text.remove   0x00003bb2       0x12 c:/nxp/mcuxpressoide_11.6.0_8187/ide/plugins/com.nxp.mcuxpresso.tools.win32_11.6.0.202112161359/tools/bin/../lib/gcc/arm-none-eabi/10.3.1/../../../../arm-none-eabi/lib/thumb/v6-m/nofp\libcr_c.a(remove.o)
                0x00003bb2                remove
 .text.__aeabi_division_idivmod
                0x00003bc4       0x78 c:/nxp/mcuxpressoide_11.6.0_8187/ide/plugins/com.nxp.mcuxpresso.tools.win32_11.6.0.202112161359/tools/bin/../lib/gcc/arm-none-eabi/10.3.1/thumb/v6-m/nofp\libcr_eabihelpers.a(division_32.o)
                0x00003bc4                __aeabi_idivmod
                0x00003bc4                __aeabi_idiv
                0x00003bca                __aeabi_uidivmod
                0x00003bca                __aeabi_uidiv
 .text.__aeabi_division_idiv0
                0x00003c3c        0x2 c:/nxp/mcuxpressoide_11.6.0_8187/ide/plugins/com.nxp.mcuxpresso.tools.win32_11.6.0.202112161359/tools/bin/../lib/gcc/arm-none-eabi/10.3.1/thumb/v6-m/nofp\libcr_eabihelpers.a(division_idiv0.o)
                0x00003c3c                __aeabi_idiv0
 .text.__bhs_ui2d
                0x00003c3e       0x5e c:/nxp/mcuxpressoide_11.6.0_8187/ide/plugins/com.nxp.mcuxpresso.tools.win32_11.6.0.202112161359/tools/bin/../lib/gcc/arm-none-eabi/10.3.1/thumb/v6-m/nofp\libcr_eabihelpers.a(double.o)
                0x00003c3e                __bhs_ui2d
 .text.__aeabi_i2d
                0x00003c9c       0x18 c:/nxp/mcuxpressoide_11.6.0_8187/ide/plugins/com.nxp.mcuxpresso.tools.win32_11.6.0.202112161359/tools/bin/../lib/gcc/arm-none-eabi/10.3.1/thumb/v6-m/nofp\libcr_eabihelpers.a(double.o)
                0x00003c9c                __aeabi_i2d
 .text.__aeabi_ui2d
                0x00003cb4        0xc c:/nxp/mcuxpressoide_11.6.0_8187/ide/plugins/com.nxp.mcuxpresso.tools.win32_11.6.0.202112161359/tools/bin/../lib/gcc/arm-none-eabi/10.3.1/thumb/v6-m/nofp\libcr_eabihelpers.a(double.o)
                0x00003cb4                __aeabi_ui2d
 .text.__aeabi_llong_lmul
                0x00003cc0       0x2e c:/nxp/mcuxpressoide_11.6.0_8187/ide/plugins/com.nxp.mcuxpresso.tools.win32_11.6.0.202112161359/tools/bin/../lib/gcc/arm-none-eabi/10.3.1/thumb/v6-m/nofp\libcr_eabihelpers.a(llong.o)
                0x00003cc0                __aeabi_lmul
 .text.__aeabi_memset_lowlevel
                0x00003cee       0x2a c:/nxp/mcuxpressoide_11.6.0_8187/ide/plugins/com.nxp.mcuxpresso.tools.win32_11.6.0.202112161359/tools/bin/../lib/gcc/arm-none-eabi/10.3.1/thumb/v6-m/nofp\libcr_eabihelpers.a(memcpy.o)
                0x00003cee                __aeabi_lowlevel_memset
 .text.__gnu_thumb1_case_shi
                0x00003d18       0x10 c:/nxp/mcuxpressoide_11.6.0_8187/ide/plugins/com.nxp.mcuxpresso.tools.win32_11.6.0.202112161359/tools/bin/../lib/gcc/arm-none-eabi/10.3.1/thumb/v6-m/nofp\libcr_eabihelpers.a(thumb1_switch_helpers.o)
                0x00003d18                __gnu_thumb1_case_shi
 .text.__sys_close
                0x00003d28        0xc c:/nxp/mcuxpressoide_11.6.0_8187/ide/plugins/com.nxp.mcuxpresso.tools.win32_11.6.0.202112161359/tools/bin/../lib/gcc/arm-none-eabi/10.3.1/../../../../arm-none-eabi/lib/thumb/v6-m/nofp\libcr_semihost_nf.a(__sys_close.o)
                0x00003d28                __sys_close
 .text.__sys_flen
                0x00003d34        0xc c:/nxp/mcuxpressoide_11.6.0_8187/ide/plugins/com.nxp.mcuxpresso.tools.win32_11.6.0.202112161359/tools/bin/../lib/gcc/arm-none-eabi/10.3.1/../../../../arm-none-eabi/lib/thumb/v6-m/nofp\libcr_semihost_nf.a(__sys_flen.o)
                0x00003d34                __sys_flen
 .text.__sys_istty
                0x00003d40        0xc c:/nxp/mcuxpressoide_11.6.0_8187/ide/plugins/com.nxp.mcuxpresso.tools.win32_11.6.0.202112161359/tools/bin/../lib/gcc/arm-none-eabi/10.3.1/../../../../arm-none-eabi/lib/thumb/v6-m/nofp\libcr_semihost_nf.a(__sys_istty.o)
                0x00003d40                __sys_istty
 .text.__sys_remove
                0x00003d4c        0xc c:/nxp/mcuxpressoide_11.6.0_8187/ide/plugins/com.nxp.mcuxpresso.tools.win32_11.6.0.202112161359/tools/bin/../lib/gcc/arm-none-eabi/10.3.1/../../../../arm-none-eabi/lib/thumb/v6-m/nofp\libcr_semihost_nf.a(__sys_remove.o)
                0x00003d4c                __sys_remove
 .text.__sys_seek
                0x00003d58        0xc c:/nxp/mcuxpressoide_11.6.0_8187/ide/plugins/com.nxp.mcuxpresso.tools.win32_11.6.0.202112161359/tools/bin/../lib/gcc/arm-none-eabi/10.3.1/../../../../arm-none-eabi/lib/thumb/v6-m/nofp\libcr_semihost_nf.a(__sys_seek.o)
                0x00003d58                __sys_seek
 .text.__sys_tmpnam
                0x00003d64        0xc c:/nxp/mcuxpressoide_11.6.0_8187/ide/plugins/com.nxp.mcuxpresso.tools.win32_11.6.0.202112161359/tools/bin/../lib/gcc/arm-none-eabi/10.3.1/../../../../arm-none-eabi/lib/thumb/v6-m/nofp\libcr_semihost_nf.a(__sys_tmpnam.o)
                0x00003d64                __sys_tmpnam
 .text.__sys_write
                0x00003d70        0xc c:/nxp/mcuxpressoide_11.6.0_8187/ide/plugins/com.nxp.mcuxpresso.tools.win32_11.6.0.202112161359/tools/bin/../lib/gcc/arm-none-eabi/10.3.1/../../../../arm-none-eabi/lib/thumb/v6-m/nofp\libcr_semihost_nf.a(__sys_write.o)
                0x00003d70                __sys_write
 *(SORT_BY_ALIGNMENT(.rodata) SORT_BY_ALIGNMENT(.rodata.*) SORT_BY_ALIGNMENT(.constdata) SORT_BY_ALIGNMENT(.constdata.*))
 .rodata.str1.4
                0x00003d7c       0x1e ./source/state_machine.o
 *fill*         0x00003d9a        0x2 ff
 .rodata.state_check.str1.4
                0x00003d9c       0x55 ./source/state_machine.o
 *fill*         0x00003df1        0x3 ff
 .rodata.main.str1.4
                0x00003df4       0x18 ./source/test.o
 .rodata.CLOCK_GetMcgExtClkFreq.str1.4
                0x00003e0c       0x1e ./drivers/fsl_clock.o
 *fill*         0x00003e2a        0x2 ff
 .rodata.CLOCK_GetPll0Freq.str1.4
                0x00003e2c       0x1d ./drivers/fsl_clock.o
 *fill*         0x00003e49        0x3 ff
 .rodata.CLOCK_EnablePll0.str1.4
                0x00003e4c       0x19 ./drivers/fsl_clock.o
 *fill*         0x00003e65        0x3 ff
 .rodata.CLOCK_SetPbeMode.str1.4
                0x00003e68       0x1a ./drivers/fsl_clock.o
 *fill*         0x00003e82        0x2 ff
 .rodata.CLOCK_BootToPeeMode.str1.4
                0x00003e84       0x1a ./drivers/fsl_clock.o
 *fill*         0x00003e9e        0x2 ff
 .rodata.fllFactorTable.1
                0x00003ea0       0x10 ./drivers/fsl_clock.o
 .rodata.LPSCI_GetInstance.str1.4
                0x00003eb0       0x36 ./drivers/fsl_lpsci.o
 *fill*         0x00003ee6        0x2 ff
 .rodata.LPSCI_Init.str1.4
                0x00003ee8       0x43 ./drivers/fsl_lpsci.o
 *fill*         0x00003f2b        0x1 ff
 .rodata.LPSCI_GetDefaultConfig.str1.4
                0x00003f2c       0x19 ./drivers/fsl_lpsci.o
 *fill*         0x00003f45        0x3 ff
 .rodata.LPSCI_WriteBlocking.str1.4
                0x00003f48       0x17 ./drivers/fsl_lpsci.o
 *fill*         0x00003f5f        0x1 ff
 .rodata.LPSCI_ReadBlocking.str1.4
                0x00003f60       0x17 ./drivers/fsl_lpsci.o
 *fill*         0x00003f77        0x1 ff
 .rodata.s_uartBases
                0x00003f78        0xc ./drivers/fsl_uart.o
 .rodata.s_uartClock
                0x00003f84        0xc ./drivers/fsl_uart.o
 .rodata.UART_GetInstance.str1.4
                0x00003f90       0x2b ./drivers/fsl_uart.o
 *fill*         0x00003fbb        0x1 ff
 .rodata.UART_Init.str1.4
                0x00003fbc       0x3e ./drivers/fsl_uart.o
 *fill*         0x00003ffa        0x2 ff
 .rodata.UART_GetDefaultConfig.str1.4
                0x00003ffc       0x18 ./drivers/fsl_uart.o
 .rodata.UART_ReadBlocking.str1.4
                0x00004014       0x16 ./drivers/fsl_uart.o
 *fill*         0x0000402a        0x2 ff
 .rodata.mcgConfig_BOARD_BootClockRUN
                0x0000402c        0xa ./board/clock_config.o
                0x0000402c                mcgConfig_BOARD_BootClockRUN
 *fill*         0x00004036        0x2 ff
 .rodata.simConfig_BOARD_BootClockRUN
                0x00004038        0x8 ./board/clock_config.o
                0x00004038                simConfig_BOARD_BootClockRUN
 .rodata.oscConfig_BOARD_BootClockRUN
                0x00004040        0x8 ./board/clock_config.o
                0x00004040                oscConfig_BOARD_BootClockRUN
 .rodata.__num_Ciob_streams
                0x00004048        0x4 c:/nxp/mcuxpressoide_11.6.0_8187/ide/plugins/com.nxp.mcuxpresso.tools.win32_11.6.0.202112161359/tools/bin/../lib/gcc/arm-none-eabi/10.3.1/../../../../arm-none-eabi/lib/thumb/v6-m/nofp\libcr_semihost_nf.a(__ciob.o)
                0x00004048                __num_Ciob_streams
 .rodata.__assertion_failed.str1.1
                0x0000404c       0x15 c:/nxp/mcuxpressoide_11.6.0_8187/ide/plugins/com.nxp.mcuxpresso.tools.win32_11.6.0.202112161359/tools/bin/../lib/gcc/arm-none-eabi/10.3.1/../../../../arm-none-eabi/lib/thumb/v6-m/nofp\libcr_semihost_nf.a(_cr_assert.o)
 .rodata._Csys_alloc.str1.1
                0x00004061       0x18 c:/nxp/mcuxpressoide_11.6.0_8187/ide/plugins/com.nxp.mcuxpresso.tools.win32_11.6.0.202112161359/tools/bin/../lib/gcc/arm-none-eabi/10.3.1/../../../../arm-none-eabi/lib/thumb/v6-m/nofp\libcr_c.a(alloc.o)
 .rodata._initio.str1.1
                0x00004079        0x4 c:/nxp/mcuxpressoide_11.6.0_8187/ide/plugins/com.nxp.mcuxpresso.tools.win32_11.6.0.202112161359/tools/bin/../lib/gcc/arm-none-eabi/10.3.1/../../../../arm-none-eabi/lib/thumb/v6-m/nofp\libcr_c.a(initio.o)
 .rodata.__vfprintf.str1.1
                0x0000407d       0x35 c:/nxp/mcuxpressoide_11.6.0_8187/ide/plugins/com.nxp.mcuxpresso.tools.win32_11.6.0.202112161359/tools/bin/../lib/gcc/arm-none-eabi/10.3.1/../../../../arm-none-eabi/lib/thumb/v6-m/nofp\libcr_c.a(printf.o)
                                 0x38 (size before relaxing)
                0x000040b4                . = ALIGN (0x4)
 *fill*         0x000040b2        0x2 ff
                0x000040b4                _etext = .

.glue_7         0x000040b4        0x0
 .glue_7        0x000040b4        0x0 linker stubs

.glue_7t        0x000040b4        0x0
 .glue_7t       0x000040b4        0x0 linker stubs

.vfp11_veneer   0x000040b4        0x0
 .vfp11_veneer  0x000040b4        0x0 linker stubs

.v4_bx          0x000040b4        0x0
 .v4_bx         0x000040b4        0x0 linker stubs

.iplt           0x000040b4        0x0
 .iplt          0x000040b4        0x0 ./utilities/fsl_debug_console.o

.rel.dyn        0x000040b4        0x0
 .rel.iplt      0x000040b4        0x0 ./utilities/fsl_debug_console.o

.m_usb_data
 *(SORT_BY_ALIGNMENT(m_usb_bdt))

.mtb_buffer_default
                0x1ffff000       0x80
 *(SORT_BY_ALIGNMENT(.mtb*))
 .mtb.$RAM1     0x1ffff000       0x80 ./source/mtb.o
                0x1ffff000                __mtb_buffer__

.uninit_RESERVED
                0x1ffff080        0x0
                0x1ffff080                _start_uninit_RESERVED = .
 *(SORT_BY_ALIGNMENT(.bss.$RESERVED*))
                0x1ffff080                . = ALIGN (0x4)
                0x1ffff080                _end_uninit_RESERVED = .

.data           0x1ffff080       0x4c load address 0x000040b4
 FILL mask 0xff
                0x1ffff080                _data = .
                [!provide]                PROVIDE (__start_data_RAM = .)
                [!provide]                PROVIDE (__start_data_SRAM = .)
 *(SORT_BY_ALIGNMENT(vtable))
 *(SORT_BY_ALIGNMENT(.ramfunc*))
 *(SORT_BY_ALIGNMENT(CodeQuickAccess))
 *(SORT_BY_ALIGNMENT(DataQuickAccess))
 *(SORT_BY_ALIGNMENT(RamFunction))
 *(SORT_BY_ALIGNMENT(.data*))
 .data.state_array
                0x1ffff080       0x40 ./source/state_machine.o
                0x1ffff080                state_array
 .data.last_val
                0x1ffff0c0        0x4 ./source/state_machine.o
                0x1ffff0c0                last_val
 .data.s_slowIrcFreq
                0x1ffff0c4        0x4 ./drivers/fsl_clock.o
 .data.SystemCoreClock
                0x1ffff0c8        0x4 ./CMSIS/system_MKL25Z4.o
                0x1ffff0c8                SystemCoreClock
                0x1ffff0cc                . = ALIGN (0x4)
                0x1ffff0cc                _edata = .
                [!provide]                PROVIDE (__end_data_RAM = .)
                [!provide]                PROVIDE (__end_data_SRAM = .)

.igot.plt       0x1ffff0cc        0x0 load address 0x00004100
 .igot.plt      0x1ffff0cc        0x0 ./utilities/fsl_debug_console.o

.bss            0x1ffff0cc      0x120
                0x1ffff0cc                _bss = .
                [!provide]                PROVIDE (__start_bss_RAM = .)
                [!provide]                PROVIDE (__start_bss_SRAM = .)
 *(SORT_BY_ALIGNMENT(.bss*))
 .bss.s_debugConsole
                0x1ffff0cc       0x10 ./utilities/fsl_debug_console.o
 .bss.last_state
                0x1ffff0dc        0x4 ./source/state_machine.o
                0x1ffff0dc                last_state
 .bss.state     0x1ffff0e0        0x4 ./source/state_machine.o
                0x1ffff0e0                state
 .bss.new_state
                0x1ffff0e4        0x4 ./source/state_machine.o
                0x1ffff0e4                new_state
 .bss.timeout_time
                0x1ffff0e8        0x4 ./source/state_machine.o
                0x1ffff0e8                timeout_time
 .bss.past_time
                0x1ffff0ec        0x4 ./source/state_machine.o
                0x1ffff0ec                past_time
 .bss.time_now  0x1ffff0f0        0x4 ./source/state_machine.o
                0x1ffff0f0                time_now
 .bss.curr_val_R
                0x1ffff0f4        0x4 ./source/state_machine.o
                0x1ffff0f4                curr_val_R
 .bss.curr_val_G
                0x1ffff0f8        0x4 ./source/state_machine.o
                0x1ffff0f8                curr_val_G
 .bss.curr_val_B
                0x1ffff0fc        0x4 ./source/state_machine.o
                0x1ffff0fc                curr_val_B
 .bss.total_interrupt
                0x1ffff100        0x4 ./source/system.o
                0x1ffff100                total_interrupt
 .bss.Timeout_Time
                0x1ffff104        0x4 ./source/system.o
                0x1ffff104                Timeout_Time
 .bss.Timeout_time
                0x1ffff108        0x4 ./source/test.o
                0x1ffff108                Timeout_time
 .bss.g_xtal0Freq
                0x1ffff10c        0x4 ./drivers/fsl_clock.o
                0x1ffff10c                g_xtal0Freq
 .bss.s_lpsciHandle
                0x1ffff110        0x4 ./drivers/fsl_lpsci.o
 .bss.s_lpsciIsr
                0x1ffff114        0x4 ./drivers/fsl_lpsci.o
 .bss.s_uartHandle
                0x1ffff118        0xc ./drivers/fsl_uart.o
 .bss.s_uartIsr
                0x1ffff124        0x4 ./drivers/fsl_uart.o
 .bss.__Ciob    0x1ffff128       0xb4 c:/nxp/mcuxpressoide_11.6.0_8187/ide/plugins/com.nxp.mcuxpresso.tools.win32_11.6.0.202112161359/tools/bin/../lib/gcc/arm-none-eabi/10.3.1/../../../../arm-none-eabi/lib/thumb/v6-m/nofp\libcr_semihost_nf.a(__ciob.o)
                0x1ffff128                __Ciob
 .bss.__end_of_heap
                0x1ffff1dc        0x4 c:/nxp/mcuxpressoide_11.6.0_8187/ide/plugins/com.nxp.mcuxpresso.tools.win32_11.6.0.202112161359/tools/bin/../lib/gcc/arm-none-eabi/10.3.1/../../../../arm-none-eabi/lib/thumb/v6-m/nofp\libcr_c.a(__init_alloc.o)
                0x1ffff1dc                __end_of_heap
 .bss.__heaps   0x1ffff1e0        0x4 c:/nxp/mcuxpressoide_11.6.0_8187/ide/plugins/com.nxp.mcuxpresso.tools.win32_11.6.0.202112161359/tools/bin/../lib/gcc/arm-none-eabi/10.3.1/../../../../arm-none-eabi/lib/thumb/v6-m/nofp\libcr_c.a(__init_alloc.o)
                0x1ffff1e0                __heaps
 .bss.errno     0x1ffff1e4        0x4 c:/nxp/mcuxpressoide_11.6.0_8187/ide/plugins/com.nxp.mcuxpresso.tools.win32_11.6.0.202112161359/tools/bin/../lib/gcc/arm-none-eabi/10.3.1/../../../../arm-none-eabi/lib/thumb/v6-m/nofp\libcr_c.a(errno.o)
                0x1ffff1e4                errno
 .bss.touch_status
                0x1ffff1e8        0x1 ./source/state_machine.o
                0x1ffff1e8                touch_status
 *(SORT_BY_ALIGNMENT(COMMON))
                0x1ffff1ec                . = ALIGN (0x4)
 *fill*         0x1ffff1e9        0x3 
                0x1ffff1ec                _ebss = .
                [!provide]                PROVIDE (__end_bss_RAM = .)
                [!provide]                PROVIDE (__end_bss_SRAM = .)
                [!provide]                PROVIDE (end = .)

.noinit         0x1ffff1ec        0x0
                0x1ffff1ec                _noinit = .
                [!provide]                PROVIDE (__start_noinit_RAM = .)
                [!provide]                PROVIDE (__start_noinit_SRAM = .)
 *(SORT_BY_ALIGNMENT(.noinit*))
                0x1ffff1ec                . = ALIGN (0x4)
                0x1ffff1ec                _end_noinit = .
                [!provide]                PROVIDE (__end_noinit_RAM = .)
                [!provide]                PROVIDE (__end_noinit_SRAM = .)

.ARM.extab
 *(SORT_BY_ALIGNMENT(.ARM.extab*) SORT_BY_ALIGNMENT(.gnu.linkonce.armextab.*))

.ARM.exidx      0x00004100        0x0
                0x00004100                __exidx_start = .
 *(SORT_BY_ALIGNMENT(.ARM.exidx*) SORT_BY_ALIGNMENT(.gnu.linkonce.armexidx.*))
                0x00004100                __exidx_end = .
                0x00000400                _HeapSize = 0x400

.heap           0x1ffff1ec      0x400
                0x1ffff1ec                _pvHeapStart = .
                0x1ffff5ec                . = (. + _HeapSize)
 *fill*         0x1ffff1ec      0x400 
                0x1ffff5ec                . = ALIGN (0x4)
                0x1ffff5ec                _pvHeapLimit = .
                0x00000400                _StackSize = 0x400

.heap2stackfill
                0x1ffff5ec      0x400
                0x1ffff9ec                . = (. + _StackSize)
 *fill*         0x1ffff5ec      0x400 

.stack          0x20002c00        0x0
                0x20002c00                _vStackBase = .
                0x20002c00                . = ALIGN (0x4)
                0x20003000                _vStackTop = (. + _StackSize)
                0x00000000                _image_start = LOADADDR (.text)
                0x00004100                _image_end = (LOADADDR (.data) + SIZEOF (.data))
                0x00004100                _image_size = (_image_end - _image_start)
OUTPUT(Assignment_4.axf elf32-littlearm)
LOAD linker stubs

.debug_info     0x00000000     0x7f29
 .debug_info    0x00000000      0x84f ./utilities/fsl_debug_console.o
 .debug_info    0x0000084f      0x4eb ./startup/startup_mkl25z4.o
 .debug_info    0x00000d3a       0x53 ./source/mtb.o
 .debug_info    0x00000d8d      0x4a6 ./source/pwm.o
 .debug_info    0x00001233       0x3c ./source/semihost_hardfault.o
 .debug_info    0x0000126f      0x66c ./source/state_machine.o
 .debug_info    0x000018db      0x5b5 ./source/system.o
 .debug_info    0x00001e90      0x20e ./source/test.o
 .debug_info    0x0000209e      0x49b ./source/touch.o
 .debug_info    0x00002539     0x1a5a ./drivers/fsl_clock.o
 .debug_info    0x00003f93     0x140d ./drivers/fsl_lpsci.o
 .debug_info    0x000053a0     0x13ae ./drivers/fsl_uart.o
 .debug_info    0x0000674e      0x39b ./board/board.o
 .debug_info    0x00006ae9      0xabc ./board/clock_config.o
 .debug_info    0x000075a5       0x3c ./board/peripherals.o
 .debug_info    0x000075e1      0x547 ./board/pin_mux.o
 .debug_info    0x00007b28      0x401 ./CMSIS/system_MKL25Z4.o

.debug_abbrev   0x00000000     0x1932
 .debug_abbrev  0x00000000      0x1d7 ./utilities/fsl_debug_console.o
 .debug_abbrev  0x000001d7      0x198 ./startup/startup_mkl25z4.o
 .debug_abbrev  0x0000036f       0x46 ./source/mtb.o
 .debug_abbrev  0x000003b5      0x10a ./source/pwm.o
 .debug_abbrev  0x000004bf       0x31 ./source/semihost_hardfault.o
 .debug_abbrev  0x000004f0      0x1bc ./source/state_machine.o
 .debug_abbrev  0x000006ac      0x1ae ./source/system.o
 .debug_abbrev  0x0000085a       0x89 ./source/test.o
 .debug_abbrev  0x000008e3      0x12c ./source/touch.o
 .debug_abbrev  0x00000a0f      0x357 ./drivers/fsl_clock.o
 .debug_abbrev  0x00000d66      0x2d7 ./drivers/fsl_lpsci.o
 .debug_abbrev  0x0000103d      0x2f1 ./drivers/fsl_uart.o
 .debug_abbrev  0x0000132e      0x11b ./board/board.o
 .debug_abbrev  0x00001449      0x201 ./board/clock_config.o
 .debug_abbrev  0x0000164a       0x31 ./board/peripherals.o
 .debug_abbrev  0x0000167b      0x189 ./board/pin_mux.o
 .debug_abbrev  0x00001804      0x12e ./CMSIS/system_MKL25Z4.o

.debug_aranges  0x00000000      0x810
 .debug_aranges
                0x00000000       0x48 ./utilities/fsl_debug_console.o
 .debug_aranges
                0x00000048      0x160 ./startup/startup_mkl25z4.o
 .debug_aranges
                0x000001a8       0x18 ./source/mtb.o
 .debug_aranges
                0x000001c0       0x28 ./source/pwm.o
 .debug_aranges
                0x000001e8       0x20 ./source/semihost_hardfault.o
 .debug_aranges
                0x00000208       0x58 ./source/state_machine.o
 .debug_aranges
                0x00000260       0x48 ./source/system.o
 .debug_aranges
                0x000002a8       0x20 ./source/test.o
 .debug_aranges
                0x000002c8       0x28 ./source/touch.o
 .debug_aranges
                0x000002f0      0x1d8 ./drivers/fsl_clock.o
 .debug_aranges
                0x000004c8      0x118 ./drivers/fsl_lpsci.o
 .debug_aranges
                0x000005e0      0x130 ./drivers/fsl_uart.o
 .debug_aranges
                0x00000710       0x28 ./board/board.o
 .debug_aranges
                0x00000738       0x58 ./board/clock_config.o
 .debug_aranges
                0x00000790       0x20 ./board/peripherals.o
 .debug_aranges
                0x000007b0       0x38 ./board/pin_mux.o
 .debug_aranges
                0x000007e8       0x28 ./CMSIS/system_MKL25Z4.o

.debug_ranges   0x00000000      0x6f8
 .debug_ranges  0x00000000       0x38 ./utilities/fsl_debug_console.o
 .debug_ranges  0x00000038      0x150 ./startup/startup_mkl25z4.o
 .debug_ranges  0x00000188       0x18 ./source/pwm.o
 .debug_ranges  0x000001a0       0x10 ./source/semihost_hardfault.o
 .debug_ranges  0x000001b0       0x48 ./source/state_machine.o
 .debug_ranges  0x000001f8       0x38 ./source/system.o
 .debug_ranges  0x00000230       0x10 ./source/test.o
 .debug_ranges  0x00000240       0x18 ./source/touch.o
 .debug_ranges  0x00000258      0x1c8 ./drivers/fsl_clock.o
 .debug_ranges  0x00000420      0x108 ./drivers/fsl_lpsci.o
 .debug_ranges  0x00000528      0x120 ./drivers/fsl_uart.o
 .debug_ranges  0x00000648       0x18 ./board/board.o
 .debug_ranges  0x00000660       0x48 ./board/clock_config.o
 .debug_ranges  0x000006a8       0x10 ./board/peripherals.o
 .debug_ranges  0x000006b8       0x28 ./board/pin_mux.o
 .debug_ranges  0x000006e0       0x18 ./CMSIS/system_MKL25Z4.o

.debug_macro    0x00000000     0x92fe
 .debug_macro   0x00000000      0x13a ./utilities/fsl_debug_console.o
 .debug_macro   0x0000013a      0xa84 ./utilities/fsl_debug_console.o
 .debug_macro   0x00000bbe       0x10 ./utilities/fsl_debug_console.o
 .debug_macro   0x00000bce       0x16 ./utilities/fsl_debug_console.o
 .debug_macro   0x00000be4       0x10 ./utilities/fsl_debug_console.o
 .debug_macro   0x00000bf4      0x12e ./utilities/fsl_debug_console.o
 .debug_macro   0x00000d22       0x28 ./utilities/fsl_debug_console.o
 .debug_macro   0x00000d4a       0xc4 ./utilities/fsl_debug_console.o
 .debug_macro   0x00000e0e       0x16 ./utilities/fsl_debug_console.o
 .debug_macro   0x00000e24       0x22 ./utilities/fsl_debug_console.o
 .debug_macro   0x00000e46      0x5b3 ./utilities/fsl_debug_console.o
 .debug_macro   0x000013f9       0x10 ./utilities/fsl_debug_console.o
 .debug_macro   0x00001409       0x3f ./utilities/fsl_debug_console.o
 .debug_macro   0x00001448       0x3a ./utilities/fsl_debug_console.o
 .debug_macro   0x00001482       0x26 ./utilities/fsl_debug_console.o
 .debug_macro   0x000014a8      0x329 ./utilities/fsl_debug_console.o
 .debug_macro   0x000017d1       0x30 ./utilities/fsl_debug_console.o
 .debug_macro   0x00001801     0x51e2 ./utilities/fsl_debug_console.o
 .debug_macro   0x000069e3     0x1352 ./utilities/fsl_debug_console.o
 .debug_macro   0x00007d35       0x3a ./utilities/fsl_debug_console.o
 .debug_macro   0x00007d6f       0xf4 ./utilities/fsl_debug_console.o
 .debug_macro   0x00007e63       0x35 ./utilities/fsl_debug_console.o
 .debug_macro   0x00007e98       0xd2 ./utilities/fsl_debug_console.o
 .debug_macro   0x00007f6a       0x2e ./utilities/fsl_debug_console.o
 .debug_macro   0x00007f98       0x10 ./utilities/fsl_debug_console.o
 .debug_macro   0x00007fa8       0x10 ./utilities/fsl_debug_console.o
 .debug_macro   0x00007fb8       0x29 ./startup/startup_mkl25z4.o
 .debug_macro   0x00007fe1       0x2f ./source/mtb.o
 .debug_macro   0x00008010       0x82 ./source/mtb.o
 .debug_macro   0x00008092       0x10 ./source/mtb.o
 .debug_macro   0x000080a2      0x180 ./source/pwm.o
 .debug_macro   0x00008222       0xd8 ./source/pwm.o
 .debug_macro   0x000082fa       0x16 ./source/pwm.o
 .debug_macro   0x00008310       0x10 ./source/pwm.o
 .debug_macro   0x00008320      0x112 ./source/pwm.o
 .debug_macro   0x00008432       0x34 ./source/pwm.o
 .debug_macro   0x00008466       0x34 ./source/pwm.o
 .debug_macro   0x0000849a       0x11 ./source/semihost_hardfault.o
 .debug_macro   0x000084ab      0x1d6 ./source/state_machine.o
 .debug_macro   0x00008681       0x22 ./source/state_machine.o
 .debug_macro   0x000086a3       0x28 ./source/state_machine.o
 .debug_macro   0x000086cb       0x3a ./source/state_machine.o
 .debug_macro   0x00008705      0x163 ./source/system.o
 .debug_macro   0x00008868      0x17a ./source/test.o
 .debug_macro   0x000089e2      0x15c ./source/touch.o
 .debug_macro   0x00008b3e       0x1c ./source/touch.o
 .debug_macro   0x00008b5a      0x196 ./drivers/fsl_clock.o
 .debug_macro   0x00008cf0       0x1c ./drivers/fsl_clock.o
 .debug_macro   0x00008d0c       0xec ./drivers/fsl_lpsci.o
 .debug_macro   0x00008df8       0xf2 ./drivers/fsl_uart.o
 .debug_macro   0x00008eea      0x12b ./board/board.o
 .debug_macro   0x00009015      0x123 ./board/clock_config.o
 .debug_macro   0x00009138       0x1b ./board/peripherals.o
 .debug_macro   0x00009153      0x107 ./board/pin_mux.o
 .debug_macro   0x0000925a       0x10 ./board/pin_mux.o
 .debug_macro   0x0000926a       0x94 ./CMSIS/system_MKL25Z4.o

.debug_line     0x00000000     0x5a2b
 .debug_line    0x00000000      0x468 ./utilities/fsl_debug_console.o
 .debug_line    0x00000468      0x1ed ./startup/startup_mkl25z4.o
 .debug_line    0x00000655       0xd1 ./source/mtb.o
 .debug_line    0x00000726      0x46d ./source/pwm.o
 .debug_line    0x00000b93       0x59 ./source/semihost_hardfault.o
 .debug_line    0x00000bec      0x5e2 ./source/state_machine.o
 .debug_line    0x000011ce      0x4a6 ./source/system.o
 .debug_line    0x00001674      0x40a ./source/test.o
 .debug_line    0x00001a7e      0x3e1 ./source/touch.o
 .debug_line    0x00001e5f     0x12e8 ./drivers/fsl_clock.o
 .debug_line    0x00003147      0xd61 ./drivers/fsl_lpsci.o
 .debug_line    0x00003ea8      0xd50 ./drivers/fsl_uart.o
 .debug_line    0x00004bf8      0x37b ./board/board.o
 .debug_line    0x00004f73      0x3d1 ./board/clock_config.o
 .debug_line    0x00005344       0x5c ./board/peripherals.o
 .debug_line    0x000053a0      0x358 ./board/pin_mux.o
 .debug_line    0x000056f8      0x333 ./CMSIS/system_MKL25Z4.o

.debug_str      0x00000000    0x360aa
 .debug_str     0x00000000    0x313cb ./utilities/fsl_debug_console.o
                              0x3160e (size before relaxing)
 .debug_str     0x000313cb      0x3cd ./startup/startup_mkl25z4.o
                               0x30b5 (size before relaxing)
 .debug_str     0x00031798      0x532 ./source/mtb.o
                               0x31d5 (size before relaxing)
 .debug_str     0x00031cca      0xc97 ./source/pwm.o
                              0x31388 (size before relaxing)
 .debug_str     0x00032961       0x1f ./source/semihost_hardfault.o
                               0x2cc2 (size before relaxing)
 .debug_str     0x00032980      0x3d1 ./source/state_machine.o
                              0x31a62 (size before relaxing)
 .debug_str     0x00032d51      0x2eb ./source/system.o
                              0x31895 (size before relaxing)
 .debug_str     0x0003303c       0x37 ./source/test.o
                              0x3171b (size before relaxing)
 .debug_str     0x00033073       0x8f ./source/touch.o
                              0x31709 (size before relaxing)
 .debug_str     0x00033102     0x178e ./drivers/fsl_clock.o
                              0x3218a (size before relaxing)
 .debug_str     0x00034890      0x97a ./drivers/fsl_lpsci.o
                              0x31779 (size before relaxing)
 .debug_str     0x0003520a      0x832 ./drivers/fsl_uart.o
                              0x3179c (size before relaxing)
 .debug_str     0x00035a3c       0x4c ./board/board.o
                              0x311ec (size before relaxing)
 .debug_str     0x00035a88      0x3c1 ./board/clock_config.o
                              0x310bb (size before relaxing)
 .debug_str     0x00035e49       0x31 ./board/peripherals.o
                               0x2cd3 (size before relaxing)
 .debug_str     0x00035e7a      0x1e1 ./board/pin_mux.o
                              0x30802 (size before relaxing)
 .debug_str     0x0003605b       0x4f ./CMSIS/system_MKL25Z4.o
                              0x2fb04 (size before relaxing)

.comment        0x00000000       0x49
 .comment       0x00000000       0x49 ./utilities/fsl_debug_console.o
                                 0x4a (size before relaxing)
 .comment       0x00000049       0x4a ./startup/startup_mkl25z4.o
 .comment       0x00000049       0x4a ./source/mtb.o
 .comment       0x00000049       0x4a ./source/pwm.o
 .comment       0x00000049       0x4a ./source/semihost_hardfault.o
 .comment       0x00000049       0x4a ./source/state_machine.o
 .comment       0x00000049       0x4a ./source/system.o
 .comment       0x00000049       0x4a ./source/test.o
 .comment       0x00000049       0x4a ./source/touch.o
 .comment       0x00000049       0x4a ./drivers/fsl_clock.o
 .comment       0x00000049       0x4a ./drivers/fsl_lpsci.o
 .comment       0x00000049       0x4a ./drivers/fsl_uart.o
 .comment       0x00000049       0x4a ./board/board.o
 .comment       0x00000049       0x4a ./board/clock_config.o
 .comment       0x00000049       0x4a ./board/peripherals.o
 .comment       0x00000049       0x4a ./board/pin_mux.o
 .comment       0x00000049       0x4a ./CMSIS/system_MKL25Z4.o
 .comment       0x00000049       0x4a c:/nxp/mcuxpressoide_11.6.0_8187/ide/plugins/com.nxp.mcuxpresso.tools.win32_11.6.0.202112161359/tools/bin/../lib/gcc/arm-none-eabi/10.3.1/../../../../arm-none-eabi/lib/thumb/v6-m/nofp\libcr_semihost_nf.a(_cr__main.o)
 .comment       0x00000049       0x4a c:/nxp/mcuxpressoide_11.6.0_8187/ide/plugins/com.nxp.mcuxpresso.tools.win32_11.6.0.202112161359/tools/bin/../lib/gcc/arm-none-eabi/10.3.1/../../../../arm-none-eabi/lib/thumb/v6-m/nofp\libcr_semihost_nf.a(_cr_assert.o)
 .comment       0x00000049       0x4a c:/nxp/mcuxpressoide_11.6.0_8187/ide/plugins/com.nxp.mcuxpresso.tools.win32_11.6.0.202112161359/tools/bin/../lib/gcc/arm-none-eabi/10.3.1/../../../../arm-none-eabi/lib/thumb/v6-m/nofp\libcr_semihost_nf.a(__ciob.o)
 .comment       0x00000049       0x4a c:/nxp/mcuxpressoide_11.6.0_8187/ide/plugins/com.nxp.mcuxpresso.tools.win32_11.6.0.202112161359/tools/bin/../lib/gcc/arm-none-eabi/10.3.1/../../../../arm-none-eabi/lib/thumb/v6-m/nofp\libcr_c.a(memset.o)
 .comment       0x00000049       0x4a c:/nxp/mcuxpressoide_11.6.0_8187/ide/plugins/com.nxp.mcuxpresso.tools.win32_11.6.0.202112161359/tools/bin/../lib/gcc/arm-none-eabi/10.3.1/../../../../arm-none-eabi/lib/thumb/v6-m/nofp\libcr_c.a(_deferredlazyseek.o)
 .comment       0x00000049       0x4a c:/nxp/mcuxpressoide_11.6.0_8187/ide/plugins/com.nxp.mcuxpresso.tools.win32_11.6.0.202112161359/tools/bin/../lib/gcc/arm-none-eabi/10.3.1/../../../../arm-none-eabi/lib/thumb/v6-m/nofp\libcr_c.a(_fflush.o)
 .comment       0x00000049       0x4a c:/nxp/mcuxpressoide_11.6.0_8187/ide/plugins/com.nxp.mcuxpresso.tools.win32_11.6.0.202112161359/tools/bin/../lib/gcc/arm-none-eabi/10.3.1/../../../../arm-none-eabi/lib/thumb/v6-m/nofp\libcr_c.a(_writebuf.o)
 .comment       0x00000049       0x4a c:/nxp/mcuxpressoide_11.6.0_8187/ide/plugins/com.nxp.mcuxpresso.tools.win32_11.6.0.202112161359/tools/bin/../lib/gcc/arm-none-eabi/10.3.1/../../../../arm-none-eabi/lib/thumb/v6-m/nofp\libcr_c.a(alloc.o)
 .comment       0x00000049       0x4a c:/nxp/mcuxpressoide_11.6.0_8187/ide/plugins/com.nxp.mcuxpresso.tools.win32_11.6.0.202112161359/tools/bin/../lib/gcc/arm-none-eabi/10.3.1/../../../../arm-none-eabi/lib/thumb/v6-m/nofp\libcr_c.a(fputs.o)
 .comment       0x00000049       0x4a c:/nxp/mcuxpressoide_11.6.0_8187/ide/plugins/com.nxp.mcuxpresso.tools.win32_11.6.0.202112161359/tools/bin/../lib/gcc/arm-none-eabi/10.3.1/../../../../arm-none-eabi/lib/thumb/v6-m/nofp\libcr_c.a(fseek.o)
 .comment       0x00000049       0x4a c:/nxp/mcuxpressoide_11.6.0_8187/ide/plugins/com.nxp.mcuxpresso.tools.win32_11.6.0.202112161359/tools/bin/../lib/gcc/arm-none-eabi/10.3.1/../../../../arm-none-eabi/lib/thumb/v6-m/nofp\libcr_c.a(ftell.o)
 .comment       0x00000049       0x4a c:/nxp/mcuxpressoide_11.6.0_8187/ide/plugins/com.nxp.mcuxpresso.tools.win32_11.6.0.202112161359/tools/bin/../lib/gcc/arm-none-eabi/10.3.1/../../../../arm-none-eabi/lib/thumb/v6-m/nofp\libcr_c.a(initio.o)
 .comment       0x00000049       0x4a c:/nxp/mcuxpressoide_11.6.0_8187/ide/plugins/com.nxp.mcuxpresso.tools.win32_11.6.0.202112161359/tools/bin/../lib/gcc/arm-none-eabi/10.3.1/../../../../arm-none-eabi/lib/thumb/v6-m/nofp\libcr_c.a(printf.o)
 .comment       0x00000049       0x4a c:/nxp/mcuxpressoide_11.6.0_8187/ide/plugins/com.nxp.mcuxpresso.tools.win32_11.6.0.202112161359/tools/bin/../lib/gcc/arm-none-eabi/10.3.1/../../../../arm-none-eabi/lib/thumb/v6-m/nofp\libcr_c.a(setvbuf.o)
 .comment       0x00000049       0x4a c:/nxp/mcuxpressoide_11.6.0_8187/ide/plugins/com.nxp.mcuxpresso.tools.win32_11.6.0.202112161359/tools/bin/../lib/gcc/arm-none-eabi/10.3.1/../../../../arm-none-eabi/lib/thumb/v6-m/nofp\libcr_c.a(strlen.o)
 .comment       0x00000049       0x4a c:/nxp/mcuxpressoide_11.6.0_8187/ide/plugins/com.nxp.mcuxpresso.tools.win32_11.6.0.202112161359/tools/bin/../lib/gcc/arm-none-eabi/10.3.1/../../../../arm-none-eabi/lib/thumb/v6-m/nofp\libcr_c.a(__init_alloc.o)
 .comment       0x00000049       0x4a c:/nxp/mcuxpressoide_11.6.0_8187/ide/plugins/com.nxp.mcuxpresso.tools.win32_11.6.0.202112161359/tools/bin/../lib/gcc/arm-none-eabi/10.3.1/../../../../arm-none-eabi/lib/thumb/v6-m/nofp\libcr_c.a(_cr_sbrk.o)
 .comment       0x00000049       0x4a c:/nxp/mcuxpressoide_11.6.0_8187/ide/plugins/com.nxp.mcuxpresso.tools.win32_11.6.0.202112161359/tools/bin/../lib/gcc/arm-none-eabi/10.3.1/../../../../arm-none-eabi/lib/thumb/v6-m/nofp\libcr_c.a(_fdopen.o)
 .comment       0x00000049       0x4a c:/nxp/mcuxpressoide_11.6.0_8187/ide/plugins/com.nxp.mcuxpresso.tools.win32_11.6.0.202112161359/tools/bin/../lib/gcc/arm-none-eabi/10.3.1/../../../../arm-none-eabi/lib/thumb/v6-m/nofp\libcr_c.a(errno.o)
 .comment       0x00000049       0x4a c:/nxp/mcuxpressoide_11.6.0_8187/ide/plugins/com.nxp.mcuxpresso.tools.win32_11.6.0.202112161359/tools/bin/../lib/gcc/arm-none-eabi/10.3.1/../../../../arm-none-eabi/lib/thumb/v6-m/nofp\libcr_c.a(fclose.o)
 .comment       0x00000049       0x4a c:/nxp/mcuxpressoide_11.6.0_8187/ide/plugins/com.nxp.mcuxpresso.tools.win32_11.6.0.202112161359/tools/bin/../lib/gcc/arm-none-eabi/10.3.1/../../../../arm-none-eabi/lib/thumb/v6-m/nofp\libcr_c.a(fflush.o)
 .comment       0x00000049       0x4a c:/nxp/mcuxpressoide_11.6.0_8187/ide/plugins/com.nxp.mcuxpresso.tools.win32_11.6.0.202112161359/tools/bin/../lib/gcc/arm-none-eabi/10.3.1/../../../../arm-none-eabi/lib/thumb/v6-m/nofp\libcr_c.a(remove.o)
 .comment       0x00000049       0x4a c:/nxp/mcuxpressoide_11.6.0_8187/ide/plugins/com.nxp.mcuxpresso.tools.win32_11.6.0.202112161359/tools/bin/../lib/gcc/arm-none-eabi/10.3.1/../../../../arm-none-eabi/lib/thumb/v6-m/nofp\libcr_c.a(_cr_check_heap.o)
 .comment       0x00000049       0x4a c:/nxp/mcuxpressoide_11.6.0_8187/ide/plugins/com.nxp.mcuxpresso.tools.win32_11.6.0.202112161359/tools/bin/../lib/gcc/arm-none-eabi/10.3.1/../../../../arm-none-eabi/lib/thumb/v6-m/nofp\libcr_c.a(_do_fflush.o)
 .comment       0x00000049       0x4a c:/nxp/mcuxpressoide_11.6.0_8187/ide/plugins/com.nxp.mcuxpresso.tools.win32_11.6.0.202112161359/tools/bin/../lib/gcc/arm-none-eabi/10.3.1/thumb/v6-m/nofp\libcr_eabihelpers.a(double.o)

.ARM.attributes
                0x00000000       0x2a
 .ARM.attributes
                0x00000000       0x2c ./utilities/fsl_debug_console.o
 .ARM.attributes
                0x0000002c       0x2c ./startup/startup_mkl25z4.o
 .ARM.attributes
                0x00000058       0x2c ./source/mtb.o
 .ARM.attributes
                0x00000084       0x2c ./source/pwm.o
 .ARM.attributes
                0x000000b0       0x2c ./source/semihost_hardfault.o
 .ARM.attributes
                0x000000dc       0x2c ./source/state_machine.o
 .ARM.attributes
                0x00000108       0x2c ./source/system.o
 .ARM.attributes
                0x00000134       0x2c ./source/test.o
 .ARM.attributes
                0x00000160       0x2c ./source/touch.o
 .ARM.attributes
                0x0000018c       0x2c ./drivers/fsl_clock.o
 .ARM.attributes
                0x000001b8       0x2c ./drivers/fsl_lpsci.o
 .ARM.attributes
                0x000001e4       0x2c ./drivers/fsl_uart.o
 .ARM.attributes
                0x00000210       0x2c ./board/board.o
 .ARM.attributes
                0x0000023c       0x2c ./board/clock_config.o
 .ARM.attributes
                0x00000268       0x2c ./board/peripherals.o
 .ARM.attributes
                0x00000294       0x2c ./board/pin_mux.o
 .ARM.attributes
                0x000002c0       0x2c ./CMSIS/system_MKL25Z4.o
 .ARM.attributes
                0x000002ec       0x2c c:/nxp/mcuxpressoide_11.6.0_8187/ide/plugins/com.nxp.mcuxpresso.tools.win32_11.6.0.202112161359/tools/bin/../lib/gcc/arm-none-eabi/10.3.1/../../../../arm-none-eabi/lib/thumb/v6-m/nofp\libcr_semihost_nf.a(_cr__main.o)
 .ARM.attributes
                0x00000318       0x2c c:/nxp/mcuxpressoide_11.6.0_8187/ide/plugins/com.nxp.mcuxpresso.tools.win32_11.6.0.202112161359/tools/bin/../lib/gcc/arm-none-eabi/10.3.1/../../../../arm-none-eabi/lib/thumb/v6-m/nofp\libcr_semihost_nf.a(_cr_assert.o)
 .ARM.attributes
                0x00000344       0x2c c:/nxp/mcuxpressoide_11.6.0_8187/ide/plugins/com.nxp.mcuxpresso.tools.win32_11.6.0.202112161359/tools/bin/../lib/gcc/arm-none-eabi/10.3.1/../../../../arm-none-eabi/lib/thumb/v6-m/nofp\libcr_semihost_nf.a(__ciob.o)
 .ARM.attributes
                0x00000370       0x1c c:/nxp/mcuxpressoide_11.6.0_8187/ide/plugins/com.nxp.mcuxpresso.tools.win32_11.6.0.202112161359/tools/bin/../lib/gcc/arm-none-eabi/10.3.1/../../../../arm-none-eabi/lib/thumb/v6-m/nofp\libcr_semihost_nf.a(__sys_appexit.o)
 .ARM.attributes
                0x0000038c       0x2c c:/nxp/mcuxpressoide_11.6.0_8187/ide/plugins/com.nxp.mcuxpresso.tools.win32_11.6.0.202112161359/tools/bin/../lib/gcc/arm-none-eabi/10.3.1/../../../../arm-none-eabi/lib/thumb/v6-m/nofp\libcr_c.a(memset.o)
 .ARM.attributes
                0x000003b8       0x2c c:/nxp/mcuxpressoide_11.6.0_8187/ide/plugins/com.nxp.mcuxpresso.tools.win32_11.6.0.202112161359/tools/bin/../lib/gcc/arm-none-eabi/10.3.1/../../../../arm-none-eabi/lib/thumb/v6-m/nofp\libcr_c.a(_deferredlazyseek.o)
 .ARM.attributes
                0x000003e4       0x2c c:/nxp/mcuxpressoide_11.6.0_8187/ide/plugins/com.nxp.mcuxpresso.tools.win32_11.6.0.202112161359/tools/bin/../lib/gcc/arm-none-eabi/10.3.1/../../../../arm-none-eabi/lib/thumb/v6-m/nofp\libcr_c.a(_fflush.o)
 .ARM.attributes
                0x00000410       0x2c c:/nxp/mcuxpressoide_11.6.0_8187/ide/plugins/com.nxp.mcuxpresso.tools.win32_11.6.0.202112161359/tools/bin/../lib/gcc/arm-none-eabi/10.3.1/../../../../arm-none-eabi/lib/thumb/v6-m/nofp\libcr_c.a(_writebuf.o)
 .ARM.attributes
                0x0000043c       0x2c c:/nxp/mcuxpressoide_11.6.0_8187/ide/plugins/com.nxp.mcuxpresso.tools.win32_11.6.0.202112161359/tools/bin/../lib/gcc/arm-none-eabi/10.3.1/../../../../arm-none-eabi/lib/thumb/v6-m/nofp\libcr_c.a(alloc.o)
 .ARM.attributes
                0x00000468       0x2c c:/nxp/mcuxpressoide_11.6.0_8187/ide/plugins/com.nxp.mcuxpresso.tools.win32_11.6.0.202112161359/tools/bin/../lib/gcc/arm-none-eabi/10.3.1/../../../../arm-none-eabi/lib/thumb/v6-m/nofp\libcr_c.a(fputs.o)
 .ARM.attributes
                0x00000494       0x2c c:/nxp/mcuxpressoide_11.6.0_8187/ide/plugins/com.nxp.mcuxpresso.tools.win32_11.6.0.202112161359/tools/bin/../lib/gcc/arm-none-eabi/10.3.1/../../../../arm-none-eabi/lib/thumb/v6-m/nofp\libcr_c.a(fseek.o)
 .ARM.attributes
                0x000004c0       0x2c c:/nxp/mcuxpressoide_11.6.0_8187/ide/plugins/com.nxp.mcuxpresso.tools.win32_11.6.0.202112161359/tools/bin/../lib/gcc/arm-none-eabi/10.3.1/../../../../arm-none-eabi/lib/thumb/v6-m/nofp\libcr_c.a(ftell.o)
 .ARM.attributes
                0x000004ec       0x2c c:/nxp/mcuxpressoide_11.6.0_8187/ide/plugins/com.nxp.mcuxpresso.tools.win32_11.6.0.202112161359/tools/bin/../lib/gcc/arm-none-eabi/10.3.1/../../../../arm-none-eabi/lib/thumb/v6-m/nofp\libcr_c.a(initio.o)
 .ARM.attributes
                0x00000518       0x2c c:/nxp/mcuxpressoide_11.6.0_8187/ide/plugins/com.nxp.mcuxpresso.tools.win32_11.6.0.202112161359/tools/bin/../lib/gcc/arm-none-eabi/10.3.1/../../../../arm-none-eabi/lib/thumb/v6-m/nofp\libcr_c.a(printf.o)
 .ARM.attributes
                0x00000544       0x2c c:/nxp/mcuxpressoide_11.6.0_8187/ide/plugins/com.nxp.mcuxpresso.tools.win32_11.6.0.202112161359/tools/bin/../lib/gcc/arm-none-eabi/10.3.1/../../../../arm-none-eabi/lib/thumb/v6-m/nofp\libcr_c.a(setvbuf.o)
 .ARM.attributes
                0x00000570       0x2c c:/nxp/mcuxpressoide_11.6.0_8187/ide/plugins/com.nxp.mcuxpresso.tools.win32_11.6.0.202112161359/tools/bin/../lib/gcc/arm-none-eabi/10.3.1/../../../../arm-none-eabi/lib/thumb/v6-m/nofp\libcr_c.a(strlen.o)
 .ARM.attributes
                0x0000059c       0x2c c:/nxp/mcuxpressoide_11.6.0_8187/ide/plugins/com.nxp.mcuxpresso.tools.win32_11.6.0.202112161359/tools/bin/../lib/gcc/arm-none-eabi/10.3.1/../../../../arm-none-eabi/lib/thumb/v6-m/nofp\libcr_c.a(__init_alloc.o)
 .ARM.attributes
                0x000005c8       0x2c c:/nxp/mcuxpressoide_11.6.0_8187/ide/plugins/com.nxp.mcuxpresso.tools.win32_11.6.0.202112161359/tools/bin/../lib/gcc/arm-none-eabi/10.3.1/../../../../arm-none-eabi/lib/thumb/v6-m/nofp\libcr_c.a(_cr_sbrk.o)
 .ARM.attributes
                0x000005f4       0x2c c:/nxp/mcuxpressoide_11.6.0_8187/ide/plugins/com.nxp.mcuxpresso.tools.win32_11.6.0.202112161359/tools/bin/../lib/gcc/arm-none-eabi/10.3.1/../../../../arm-none-eabi/lib/thumb/v6-m/nofp\libcr_c.a(_fdopen.o)
 .ARM.attributes
                0x00000620       0x2c c:/nxp/mcuxpressoide_11.6.0_8187/ide/plugins/com.nxp.mcuxpresso.tools.win32_11.6.0.202112161359/tools/bin/../lib/gcc/arm-none-eabi/10.3.1/../../../../arm-none-eabi/lib/thumb/v6-m/nofp\libcr_c.a(errno.o)
 .ARM.attributes
                0x0000064c       0x2c c:/nxp/mcuxpressoide_11.6.0_8187/ide/plugins/com.nxp.mcuxpresso.tools.win32_11.6.0.202112161359/tools/bin/../lib/gcc/arm-none-eabi/10.3.1/../../../../arm-none-eabi/lib/thumb/v6-m/nofp\libcr_c.a(fclose.o)
 .ARM.attributes
                0x00000678       0x2c c:/nxp/mcuxpressoide_11.6.0_8187/ide/plugins/com.nxp.mcuxpresso.tools.win32_11.6.0.202112161359/tools/bin/../lib/gcc/arm-none-eabi/10.3.1/../../../../arm-none-eabi/lib/thumb/v6-m/nofp\libcr_c.a(fflush.o)
 .ARM.attributes
                0x000006a4       0x2c c:/nxp/mcuxpressoide_11.6.0_8187/ide/plugins/com.nxp.mcuxpresso.tools.win32_11.6.0.202112161359/tools/bin/../lib/gcc/arm-none-eabi/10.3.1/../../../../arm-none-eabi/lib/thumb/v6-m/nofp\libcr_c.a(remove.o)
 .ARM.attributes
                0x000006d0       0x2c c:/nxp/mcuxpressoide_11.6.0_8187/ide/plugins/com.nxp.mcuxpresso.tools.win32_11.6.0.202112161359/tools/bin/../lib/gcc/arm-none-eabi/10.3.1/../../../../arm-none-eabi/lib/thumb/v6-m/nofp\libcr_c.a(_cr_check_heap.o)
 .ARM.attributes
                0x000006fc       0x2c c:/nxp/mcuxpressoide_11.6.0_8187/ide/plugins/com.nxp.mcuxpresso.tools.win32_11.6.0.202112161359/tools/bin/../lib/gcc/arm-none-eabi/10.3.1/../../../../arm-none-eabi/lib/thumb/v6-m/nofp\libcr_c.a(_do_fflush.o)
 .ARM.attributes
                0x00000728       0x1c c:/nxp/mcuxpressoide_11.6.0_8187/ide/plugins/com.nxp.mcuxpresso.tools.win32_11.6.0.202112161359/tools/bin/../lib/gcc/arm-none-eabi/10.3.1/thumb/v6-m/nofp\libcr_eabihelpers.a(division_32.o)
 .ARM.attributes
                0x00000744       0x1c c:/nxp/mcuxpressoide_11.6.0_8187/ide/plugins/com.nxp.mcuxpresso.tools.win32_11.6.0.202112161359/tools/bin/../lib/gcc/arm-none-eabi/10.3.1/thumb/v6-m/nofp\libcr_eabihelpers.a(division_idiv0.o)
 .ARM.attributes
                0x00000760       0x2c c:/nxp/mcuxpressoide_11.6.0_8187/ide/plugins/com.nxp.mcuxpresso.tools.win32_11.6.0.202112161359/tools/bin/../lib/gcc/arm-none-eabi/10.3.1/thumb/v6-m/nofp\libcr_eabihelpers.a(double.o)
 .ARM.attributes
                0x0000078c       0x1c c:/nxp/mcuxpressoide_11.6.0_8187/ide/plugins/com.nxp.mcuxpresso.tools.win32_11.6.0.202112161359/tools/bin/../lib/gcc/arm-none-eabi/10.3.1/thumb/v6-m/nofp\libcr_eabihelpers.a(llong.o)
 .ARM.attributes
                0x000007a8       0x1c c:/nxp/mcuxpressoide_11.6.0_8187/ide/plugins/com.nxp.mcuxpresso.tools.win32_11.6.0.202112161359/tools/bin/../lib/gcc/arm-none-eabi/10.3.1/thumb/v6-m/nofp\libcr_eabihelpers.a(memcpy.o)
 .ARM.attributes
                0x000007c4       0x1c c:/nxp/mcuxpressoide_11.6.0_8187/ide/plugins/com.nxp.mcuxpresso.tools.win32_11.6.0.202112161359/tools/bin/../lib/gcc/arm-none-eabi/10.3.1/thumb/v6-m/nofp\libcr_eabihelpers.a(thumb1_switch_helpers.o)
 .ARM.attributes
                0x000007e0       0x1c c:/nxp/mcuxpressoide_11.6.0_8187/ide/plugins/com.nxp.mcuxpresso.tools.win32_11.6.0.202112161359/tools/bin/../lib/gcc/arm-none-eabi/10.3.1/../../../../arm-none-eabi/lib/thumb/v6-m/nofp\libcr_semihost_nf.a(__sys_close.o)
 .ARM.attributes
                0x000007fc       0x1c c:/nxp/mcuxpressoide_11.6.0_8187/ide/plugins/com.nxp.mcuxpresso.tools.win32_11.6.0.202112161359/tools/bin/../lib/gcc/arm-none-eabi/10.3.1/../../../../arm-none-eabi/lib/thumb/v6-m/nofp\libcr_semihost_nf.a(__sys_flen.o)
 .ARM.attributes
                0x00000818       0x1c c:/nxp/mcuxpressoide_11.6.0_8187/ide/plugins/com.nxp.mcuxpresso.tools.win32_11.6.0.202112161359/tools/bin/../lib/gcc/arm-none-eabi/10.3.1/../../../../arm-none-eabi/lib/thumb/v6-m/nofp\libcr_semihost_nf.a(__sys_istty.o)
 .ARM.attributes
                0x00000834       0x1c c:/nxp/mcuxpressoide_11.6.0_8187/ide/plugins/com.nxp.mcuxpresso.tools.win32_11.6.0.202112161359/tools/bin/../lib/gcc/arm-none-eabi/10.3.1/../../../../arm-none-eabi/lib/thumb/v6-m/nofp\libcr_semihost_nf.a(__sys_remove.o)
 .ARM.attributes
                0x00000850       0x1c c:/nxp/mcuxpressoide_11.6.0_8187/ide/plugins/com.nxp.mcuxpresso.tools.win32_11.6.0.202112161359/tools/bin/../lib/gcc/arm-none-eabi/10.3.1/../../../../arm-none-eabi/lib/thumb/v6-m/nofp\libcr_semihost_nf.a(__sys_seek.o)
 .ARM.attributes
                0x0000086c       0x1c c:/nxp/mcuxpressoide_11.6.0_8187/ide/plugins/com.nxp.mcuxpresso.tools.win32_11.6.0.202112161359/tools/bin/../lib/gcc/arm-none-eabi/10.3.1/../../../../arm-none-eabi/lib/thumb/v6-m/nofp\libcr_semihost_nf.a(__sys_tmpnam.o)
 .ARM.attributes
                0x00000888       0x1c c:/nxp/mcuxpressoide_11.6.0_8187/ide/plugins/com.nxp.mcuxpresso.tools.win32_11.6.0.202112161359/tools/bin/../lib/gcc/arm-none-eabi/10.3.1/../../../../arm-none-eabi/lib/thumb/v6-m/nofp\libcr_semihost_nf.a(__sys_write.o)

.debug_frame    0x00000000     0x18d4
 .debug_frame   0x00000000       0xcc ./utilities/fsl_debug_console.o
 .debug_frame   0x000000cc      0x3b0 ./startup/startup_mkl25z4.o
 .debug_frame   0x0000047c       0x4c ./source/pwm.o
 .debug_frame   0x000004c8       0x20 ./source/semihost_hardfault.o
 .debug_frame   0x000004e8      0x110 ./source/state_machine.o
 .debug_frame   0x000005f8       0xbc ./source/system.o
 .debug_frame   0x000006b4       0x2c ./source/test.o
 .debug_frame   0x000006e0       0x4c ./source/touch.o
 .debug_frame   0x0000072c      0x6e0 ./drivers/fsl_clock.o
 .debug_frame   0x00000e0c      0x414 ./drivers/fsl_lpsci.o
 .debug_frame   0x00001220      0x464 ./drivers/fsl_uart.o
 .debug_frame   0x00001684       0x50 ./board/board.o
 .debug_frame   0x000016d4      0x100 ./board/clock_config.o
 .debug_frame   0x000017d4       0x2c ./board/peripherals.o
 .debug_frame   0x00001800       0x88 ./board/pin_mux.o
 .debug_frame   0x00001888       0x4c ./CMSIS/system_MKL25Z4.o

Cross Reference Table

Symbol                                            File
ADC0_DriverIRQHandler                             ./startup/startup_mkl25z4.o
ADC0_IRQHandler                                   ./startup/startup_mkl25z4.o
BOARD_BootClockRUN                                ./board/clock_config.o
BOARD_BootClockVLPR                               ./board/clock_config.o
BOARD_InitBootClocks                              ./board/clock_config.o
                                                  ./source/test.o
BOARD_InitBootPeripherals                         ./board/peripherals.o
                                                  ./source/test.o
BOARD_InitBootPins                                ./board/pin_mux.o
                                                  ./source/test.o
BOARD_InitDebugConsole                            ./board/board.o
                                                  ./source/test.o
BOARD_InitPins                                    ./board/pin_mux.o
CLOCK_BootToBlpeMode                              ./drivers/fsl_clock.o
CLOCK_BootToBlpiMode                              ./drivers/fsl_clock.o
                                                  ./board/clock_config.o
CLOCK_BootToFeeMode                               ./drivers/fsl_clock.o
CLOCK_BootToFeiMode                               ./drivers/fsl_clock.o
CLOCK_BootToPeeMode                               ./drivers/fsl_clock.o
                                                  ./board/clock_config.o
CLOCK_CalcPllDiv                                  ./drivers/fsl_clock.o
CLOCK_ClearStatusFlags                            ./drivers/fsl_clock.o
CLOCK_DeinitOsc0                                  ./drivers/fsl_clock.o
CLOCK_EnablePll0                                  ./drivers/fsl_clock.o
CLOCK_EnableUsbfs0Clock                           ./drivers/fsl_clock.o
CLOCK_ExternalModeToFbeModeQuick                  ./drivers/fsl_clock.o
CLOCK_FllStableDelay                              ./drivers/fsl_clock.o
CLOCK_GetBusClkFreq                               ./drivers/fsl_clock.o
CLOCK_GetCoreSysClkFreq                           ./drivers/fsl_clock.o
CLOCK_GetEr32kClkFreq                             ./drivers/fsl_clock.o
CLOCK_GetFixedFreqClkFreq                         ./drivers/fsl_clock.o
CLOCK_GetFlashClkFreq                             ./drivers/fsl_clock.o
CLOCK_GetFllFreq                                  ./drivers/fsl_clock.o
CLOCK_GetFreq                                     ./drivers/fsl_clock.o
CLOCK_GetInternalRefClkFreq                       ./drivers/fsl_clock.o
CLOCK_GetMode                                     ./drivers/fsl_clock.o
CLOCK_GetOsc0ErClkFreq                            ./drivers/fsl_clock.o
CLOCK_GetOutClkFreq                               ./drivers/fsl_clock.o
CLOCK_GetPlatClkFreq                              ./drivers/fsl_clock.o
CLOCK_GetPll0Freq                                 ./drivers/fsl_clock.o
CLOCK_GetPllFllSelClkFreq                         ./drivers/fsl_clock.o
                                                  ./board/board.o
CLOCK_GetStatusFlags                              ./drivers/fsl_clock.o
CLOCK_InitOsc0                                    ./drivers/fsl_clock.o
                                                  ./board/clock_config.o
CLOCK_InternalModeToFbiModeQuick                  ./drivers/fsl_clock.o
CLOCK_SetBlpeMode                                 ./drivers/fsl_clock.o
CLOCK_SetBlpiMode                                 ./drivers/fsl_clock.o
CLOCK_SetExternalRefClkConfig                     ./drivers/fsl_clock.o
CLOCK_SetFbeMode                                  ./drivers/fsl_clock.o
CLOCK_SetFbiMode                                  ./drivers/fsl_clock.o
CLOCK_SetFeeMode                                  ./drivers/fsl_clock.o
CLOCK_SetFeiMode                                  ./drivers/fsl_clock.o
CLOCK_SetInternalRefClkConfig                     ./drivers/fsl_clock.o
                                                  ./board/clock_config.o
CLOCK_SetMcgConfig                                ./drivers/fsl_clock.o
CLOCK_SetOsc0MonitorMode                          ./drivers/fsl_clock.o
CLOCK_SetPbeMode                                  ./drivers/fsl_clock.o
CLOCK_SetPeeMode                                  ./drivers/fsl_clock.o
CLOCK_SetPll0MonitorMode                          ./drivers/fsl_clock.o
CLOCK_SetSimConfig                                ./drivers/fsl_clock.o
                                                  ./board/clock_config.o
CLOCK_TrimInternalRefClk                          ./drivers/fsl_clock.o
CMP0_DriverIRQHandler                             ./startup/startup_mkl25z4.o
CMP0_IRQHandler                                   ./startup/startup_mkl25z4.o
DAC0_DriverIRQHandler                             ./startup/startup_mkl25z4.o
DAC0_IRQHandler                                   ./startup/startup_mkl25z4.o
DMA0_DriverIRQHandler                             ./startup/startup_mkl25z4.o
DMA0_IRQHandler                                   ./startup/startup_mkl25z4.o
DMA1_DriverIRQHandler                             ./startup/startup_mkl25z4.o
DMA1_IRQHandler                                   ./startup/startup_mkl25z4.o
DMA2_DriverIRQHandler                             ./startup/startup_mkl25z4.o
DMA2_IRQHandler                                   ./startup/startup_mkl25z4.o
DMA3_DriverIRQHandler                             ./startup/startup_mkl25z4.o
DMA3_IRQHandler                                   ./startup/startup_mkl25z4.o
DbgConsole_Deinit                                 ./utilities/fsl_debug_console.o
DbgConsole_Init                                   ./utilities/fsl_debug_console.o
                                                  ./board/board.o
FLASH_Erase                                       ./drivers/fsl_flash.o
FLASH_EraseAll                                    ./drivers/fsl_flash.o
FLASH_EraseAllExecuteOnlySegments                 ./drivers/fsl_flash.o
FLASH_GetProperty                                 ./drivers/fsl_flash.o
FLASH_GetSecurityState                            ./drivers/fsl_flash.o
FLASH_Init                                        ./drivers/fsl_flash.o
FLASH_IsExecuteOnly                               ./drivers/fsl_flash.o
FLASH_IsProtected                                 ./drivers/fsl_flash.o
FLASH_PflashGetPrefetchSpeculation                ./drivers/fsl_flash.o
FLASH_PflashGetProtection                         ./drivers/fsl_flash.o
FLASH_PflashSetPrefetchSpeculation                ./drivers/fsl_flash.o
                                                  ./drivers/fsl_smc.o
FLASH_PflashSetProtection                         ./drivers/fsl_flash.o
FLASH_PrepareExecuteInRamFunctions                ./drivers/fsl_flash.o
FLASH_Program                                     ./drivers/fsl_flash.o
FLASH_ProgramOnce                                 ./drivers/fsl_flash.o
FLASH_ReadOnce                                    ./drivers/fsl_flash.o
FLASH_ReadResource                                ./drivers/fsl_flash.o
FLASH_SecurityBypass                              ./drivers/fsl_flash.o
FLASH_SetCallback                                 ./drivers/fsl_flash.o
FLASH_SetProperty                                 ./drivers/fsl_flash.o
FLASH_VerifyErase                                 ./drivers/fsl_flash.o
FLASH_VerifyEraseAll                              ./drivers/fsl_flash.o
FLASH_VerifyEraseAllExecuteOnlySegments           ./drivers/fsl_flash.o
FLASH_VerifyProgram                               ./drivers/fsl_flash.o
FTFA_DriverIRQHandler                             ./startup/startup_mkl25z4.o
FTFA_IRQHandler                                   ./startup/startup_mkl25z4.o
Flash_Config                                      ./startup/startup_mkl25z4.o
GPIO_ClearPinsInterruptFlags                      ./drivers/fsl_gpio.o
GPIO_GetPinsInterruptFlags                        ./drivers/fsl_gpio.o
GPIO_PinInit                                      ./drivers/fsl_gpio.o
HardFault_Handler                                 ./source/semihost_hardfault.o
                                                  ./startup/startup_mkl25z4.o
I2C0_DriverIRQHandler                             ./startup/startup_mkl25z4.o
I2C0_IRQHandler                                   ./startup/startup_mkl25z4.o
I2C1_DriverIRQHandler                             ./startup/startup_mkl25z4.o
I2C1_IRQHandler                                   ./startup/startup_mkl25z4.o
Init_TPM                                          ./source/pwm.o
                                                  ./source/test.o
InstallIRQHandler                                 ./drivers/fsl_common.o
IntDefaultHandler                                 ./startup/startup_mkl25z4.o
LLWU_DriverIRQHandler                             ./startup/startup_mkl25z4.o
LLWU_IRQHandler                                   ./startup/startup_mkl25z4.o
LPSCI_ClearStatusFlags                            ./drivers/fsl_lpsci.o
LPSCI_Deinit                                      ./drivers/fsl_lpsci.o
                                                  ./utilities/fsl_debug_console.o
LPSCI_DisableInterrupts                           ./drivers/fsl_lpsci.o
LPSCI_EnableInterrupts                            ./drivers/fsl_lpsci.o
LPSCI_GetDefaultConfig                            ./drivers/fsl_lpsci.o
                                                  ./utilities/fsl_debug_console.o
LPSCI_GetEnabledInterrupts                        ./drivers/fsl_lpsci.o
LPSCI_GetInstance                                 ./drivers/fsl_lpsci.o
LPSCI_GetStatusFlags                              ./drivers/fsl_lpsci.o
LPSCI_Init                                        ./drivers/fsl_lpsci.o
                                                  ./utilities/fsl_debug_console.o
LPSCI_ReadBlocking                                ./drivers/fsl_lpsci.o
                                                  ./utilities/fsl_debug_console.o
LPSCI_SetBaudRate                                 ./drivers/fsl_lpsci.o
LPSCI_TransferAbortReceive                        ./drivers/fsl_lpsci.o
LPSCI_TransferAbortSend                           ./drivers/fsl_lpsci.o
LPSCI_TransferCreateHandle                        ./drivers/fsl_lpsci.o
LPSCI_TransferGetReceiveCount                     ./drivers/fsl_lpsci.o
LPSCI_TransferGetSendCount                        ./drivers/fsl_lpsci.o
LPSCI_TransferHandleErrorIRQ                      ./drivers/fsl_lpsci.o
LPSCI_TransferHandleIRQ                           ./drivers/fsl_lpsci.o
LPSCI_TransferReceiveNonBlocking                  ./drivers/fsl_lpsci.o
LPSCI_TransferSendNonBlocking                     ./drivers/fsl_lpsci.o
LPSCI_TransferStartRingBuffer                     ./drivers/fsl_lpsci.o
LPSCI_TransferStopRingBuffer                      ./drivers/fsl_lpsci.o
LPSCI_WriteBlocking                               ./drivers/fsl_lpsci.o
                                                  ./utilities/fsl_debug_console.o
LPTMR0_DriverIRQHandler                           ./startup/startup_mkl25z4.o
LPTMR0_IRQHandler                                 ./startup/startup_mkl25z4.o
LVD_LVW_DriverIRQHandler                          ./startup/startup_mkl25z4.o
LVD_LVW_IRQHandler                                ./startup/startup_mkl25z4.o
MCG_DriverIRQHandler                              ./startup/startup_mkl25z4.o
MCG_IRQHandler                                    ./startup/startup_mkl25z4.o
NMI_Handler                                       ./startup/startup_mkl25z4.o
PIT_DriverIRQHandler                              ./startup/startup_mkl25z4.o
PIT_IRQHandler                                    ./startup/startup_mkl25z4.o
PORTA_DriverIRQHandler                            ./startup/startup_mkl25z4.o
PORTA_IRQHandler                                  ./startup/startup_mkl25z4.o
PORTD_DriverIRQHandler                            ./startup/startup_mkl25z4.o
PORTD_IRQHandler                                  ./startup/startup_mkl25z4.o
PendSV_Handler                                    ./startup/startup_mkl25z4.o
RTC_DriverIRQHandler                              ./startup/startup_mkl25z4.o
RTC_IRQHandler                                    ./startup/startup_mkl25z4.o
RTC_Seconds_DriverIRQHandler                      ./startup/startup_mkl25z4.o
RTC_Seconds_IRQHandler                            ./startup/startup_mkl25z4.o
Reserved20_DriverIRQHandler                       ./startup/startup_mkl25z4.o
Reserved20_IRQHandler                             ./startup/startup_mkl25z4.o
Reserved39_DriverIRQHandler                       ./startup/startup_mkl25z4.o
Reserved39_IRQHandler                             ./startup/startup_mkl25z4.o
Reserved45_DriverIRQHandler                       ./startup/startup_mkl25z4.o
Reserved45_IRQHandler                             ./startup/startup_mkl25z4.o
ResetISR                                          ./startup/startup_mkl25z4.o
SMC_PostExitStopModes                             ./drivers/fsl_smc.o
SMC_PreEnterStopModes                             ./drivers/fsl_smc.o
SMC_SetPowerModeLls                               ./drivers/fsl_smc.o
SMC_SetPowerModeRun                               ./drivers/fsl_smc.o
SMC_SetPowerModeStop                              ./drivers/fsl_smc.o
SMC_SetPowerModeVlls                              ./drivers/fsl_smc.o
SMC_SetPowerModeVlpr                              ./drivers/fsl_smc.o
                                                  ./board/clock_config.o
SMC_SetPowerModeVlps                              ./drivers/fsl_smc.o
SMC_SetPowerModeVlpw                              ./drivers/fsl_smc.o
SMC_SetPowerModeWait                              ./drivers/fsl_smc.o
SPI0_DriverIRQHandler                             ./startup/startup_mkl25z4.o
SPI0_IRQHandler                                   ./startup/startup_mkl25z4.o
SPI1_DriverIRQHandler                             ./startup/startup_mkl25z4.o
SPI1_IRQHandler                                   ./startup/startup_mkl25z4.o
SVC_Handler                                       ./startup/startup_mkl25z4.o
Signal_Blue_on                                    ./source/state_machine.o
Signal_Green_on                                   ./source/state_machine.o
Signal_Red_on                                     ./source/state_machine.o
Signal_Yellow_on                                  ./source/state_machine.o
SysTick_Handler                                   ./source/system.o
                                                  ./startup/startup_mkl25z4.o
SystemCoreClock                                   ./CMSIS/system_MKL25Z4.o
                                                  ./board/clock_config.o
SystemCoreClockUpdate                             ./CMSIS/system_MKL25Z4.o
SystemInit                                        ./CMSIS/system_MKL25Z4.o
                                                  ./startup/startup_mkl25z4.o
TPM0_DriverIRQHandler                             ./startup/startup_mkl25z4.o
TPM0_IRQHandler                                   ./startup/startup_mkl25z4.o
TPM1_DriverIRQHandler                             ./startup/startup_mkl25z4.o
TPM1_IRQHandler                                   ./startup/startup_mkl25z4.o
TPM2_DriverIRQHandler                             ./startup/startup_mkl25z4.o
TPM2_IRQHandler                                   ./startup/startup_mkl25z4.o
TSI0_DriverIRQHandler                             ./startup/startup_mkl25z4.o
TSI0_IRQHandler                                   ./startup/startup_mkl25z4.o
Timeout_Time                                      ./source/system.o
Timeout_time                                      ./source/test.o
Touch_Init                                        ./source/touch.o
                                                  ./source/test.o
Touch_Poll                                        ./source/touch.o
                                                  ./source/state_machine.o
UART0_DriverIRQHandler                            ./drivers/fsl_lpsci.o
                                                  ./startup/startup_mkl25z4.o
UART0_IRQHandler                                  ./startup/startup_mkl25z4.o
UART1_DriverIRQHandler                            ./drivers/fsl_uart.o
                                                  ./startup/startup_mkl25z4.o
UART1_IRQHandler                                  ./startup/startup_mkl25z4.o
UART1_RX_TX_DriverIRQHandler                      ./drivers/fsl_uart.o
UART2_DriverIRQHandler                            ./drivers/fsl_uart.o
                                                  ./startup/startup_mkl25z4.o
UART2_IRQHandler                                  ./startup/startup_mkl25z4.o
UART2_RX_TX_DriverIRQHandler                      ./drivers/fsl_uart.o
UART_ClearStatusFlags                             ./drivers/fsl_uart.o
UART_Deinit                                       ./drivers/fsl_uart.o
                                                  ./utilities/fsl_debug_console.o
UART_DisableInterrupts                            ./drivers/fsl_uart.o
UART_EnableInterrupts                             ./drivers/fsl_uart.o
UART_GetDefaultConfig                             ./drivers/fsl_uart.o
                                                  ./utilities/fsl_debug_console.o
UART_GetEnabledInterrupts                         ./drivers/fsl_uart.o
UART_GetInstance                                  ./drivers/fsl_uart.o
UART_GetStatusFlags                               ./drivers/fsl_uart.o
UART_Init                                         ./drivers/fsl_uart.o
                                                  ./utilities/fsl_debug_console.o
UART_ReadBlocking                                 ./drivers/fsl_uart.o
                                                  ./utilities/fsl_debug_console.o
UART_SetBaudRate                                  ./drivers/fsl_uart.o
UART_TransferAbortReceive                         ./drivers/fsl_uart.o
UART_TransferAbortSend                            ./drivers/fsl_uart.o
UART_TransferCreateHandle                         ./drivers/fsl_uart.o
UART_TransferGetReceiveCount                      ./drivers/fsl_uart.o
UART_TransferGetSendCount                         ./drivers/fsl_uart.o